Archive member included to satisfy reference by file (symbol)

c:/progra~2/armgnu~1/112202~1.02/bin/../lib/gcc/arm-none-eabi/11.2.1/thumb/v6-m/nofp\libgcc.a(_dvmd_tls.o)
                              CMakeFiles/easynode.dir/C_/development/pico/pico-sdk/src/rp2_common/pico_divider/divider.S.obj (__aeabi_idiv0)
c:/progra~2/armgnu~1/112202~1.02/bin/../lib/gcc/arm-none-eabi/11.2.1/thumb/v6-m/nofp\libg.a(lib_a-calloc.o)
                              CMakeFiles/easynode.dir/C_/development/pico/pico-sdk/src/rp2_common/pico_malloc/pico_malloc.c.obj (calloc)
c:/progra~2/armgnu~1/112202~1.02/bin/../lib/gcc/arm-none-eabi/11.2.1/thumb/v6-m/nofp\libg.a(lib_a-callocr.o)
                              c:/progra~2/armgnu~1/112202~1.02/bin/../lib/gcc/arm-none-eabi/11.2.1/thumb/v6-m/nofp\libg.a(lib_a-calloc.o) (_calloc_r)
c:/progra~2/armgnu~1/112202~1.02/bin/../lib/gcc/arm-none-eabi/11.2.1/thumb/v6-m/nofp\libg.a(lib_a-ctype_.o)
                              CMakeFiles/easynode.dir/C_/development/pico/pico-sdk/lib/tinyusb/src/tusb.c.obj (_ctype_)
c:/progra~2/armgnu~1/112202~1.02/bin/../lib/gcc/arm-none-eabi/11.2.1/thumb/v6-m/nofp\libg.a(lib_a-errno.o)
                              CMakeFiles/easynode.dir/no-OS-FatFS-SD-SPI-RPi-Pico/FatFs_SPI/src/ff_stdio.c.obj (__errno)
c:/progra~2/armgnu~1/112202~1.02/bin/../lib/gcc/arm-none-eabi/11.2.1/thumb/v6-m/nofp\libg.a(lib_a-fflush.o)
                              CMakeFiles/easynode.dir/no-OS-FatFS-SD-SPI-RPi-Pico/FatFs_SPI/sd_driver/demo_logging.c.obj (fflush)
c:/progra~2/armgnu~1/112202~1.02/bin/../lib/gcc/arm-none-eabi/11.2.1/thumb/v6-m/nofp\libg.a(lib_a-findfp.o)
                              c:/progra~2/armgnu~1/112202~1.02/bin/../lib/gcc/arm-none-eabi/11.2.1/thumb/v6-m/nofp\libg.a(lib_a-fflush.o) (__sinit)
c:/progra~2/armgnu~1/112202~1.02/bin/../lib/gcc/arm-none-eabi/11.2.1/thumb/v6-m/nofp\libg.a(lib_a-freer.o)
                              c:/progra~2/armgnu~1/112202~1.02/bin/../lib/gcc/arm-none-eabi/11.2.1/thumb/v6-m/nofp\libg.a(lib_a-fflush.o) (_free_r)
c:/progra~2/armgnu~1/112202~1.02/bin/../lib/gcc/arm-none-eabi/11.2.1/thumb/v6-m/nofp\libg.a(lib_a-fwalk.o)
                              c:/progra~2/armgnu~1/112202~1.02/bin/../lib/gcc/arm-none-eabi/11.2.1/thumb/v6-m/nofp\libg.a(lib_a-findfp.o) (_fwalk)
c:/progra~2/armgnu~1/112202~1.02/bin/../lib/gcc/arm-none-eabi/11.2.1/thumb/v6-m/nofp\libg.a(lib_a-impure.o)
                              c:/progra~2/armgnu~1/112202~1.02/bin/../lib/gcc/arm-none-eabi/11.2.1/thumb/v6-m/nofp\libg.a(lib_a-fflush.o) (_global_impure_ptr)
c:/progra~2/armgnu~1/112202~1.02/bin/../lib/gcc/arm-none-eabi/11.2.1/thumb/v6-m/nofp\libg.a(lib_a-init.o)
                              c:/progra~2/armgnu~1/112202~1.02/bin/../lib/gcc/arm-none-eabi/11.2.1/thumb/v6-m/nofp/crt0.o (__libc_init_array)
c:/progra~2/armgnu~1/112202~1.02/bin/../lib/gcc/arm-none-eabi/11.2.1/thumb/v6-m/nofp\libg.a(lib_a-malloc.o)
                              CMakeFiles/easynode.dir/C_/development/pico/pico-sdk/src/rp2_common/pico_malloc/pico_malloc.c.obj (malloc)
c:/progra~2/armgnu~1/112202~1.02/bin/../lib/gcc/arm-none-eabi/11.2.1/thumb/v6-m/nofp\libg.a(lib_a-mallocr.o)
                              c:/progra~2/armgnu~1/112202~1.02/bin/../lib/gcc/arm-none-eabi/11.2.1/thumb/v6-m/nofp\libg.a(lib_a-callocr.o) (_malloc_r)
c:/progra~2/armgnu~1/112202~1.02/bin/../lib/gcc/arm-none-eabi/11.2.1/thumb/v6-m/nofp\libg.a(lib_a-mktime.o)
                              CMakeFiles/easynode.dir/no-OS-FatFS-SD-SPI-RPi-Pico/FatFs_SPI/src/rtc.c.obj (mktime)
c:/progra~2/armgnu~1/112202~1.02/bin/../lib/gcc/arm-none-eabi/11.2.1/thumb/v6-m/nofp\libg.a(lib_a-mlock.o)
                              c:/progra~2/armgnu~1/112202~1.02/bin/../lib/gcc/arm-none-eabi/11.2.1/thumb/v6-m/nofp\libg.a(lib_a-freer.o) (__malloc_lock)
c:/progra~2/armgnu~1/112202~1.02/bin/../lib/gcc/arm-none-eabi/11.2.1/thumb/v6-m/nofp\libg.a(lib_a-realloc.o)
                              CMakeFiles/easynode.dir/C_/development/pico/pico-sdk/src/rp2_common/pico_malloc/pico_malloc.c.obj (realloc)
c:/progra~2/armgnu~1/112202~1.02/bin/../lib/gcc/arm-none-eabi/11.2.1/thumb/v6-m/nofp\libg.a(lib_a-reallocr.o)
                              c:/progra~2/armgnu~1/112202~1.02/bin/../lib/gcc/arm-none-eabi/11.2.1/thumb/v6-m/nofp\libg.a(lib_a-realloc.o) (_realloc_r)
c:/progra~2/armgnu~1/112202~1.02/bin/../lib/gcc/arm-none-eabi/11.2.1/thumb/v6-m/nofp\libg.a(lib_a-sbrkr.o)
                              c:/progra~2/armgnu~1/112202~1.02/bin/../lib/gcc/arm-none-eabi/11.2.1/thumb/v6-m/nofp\libg.a(lib_a-freer.o) (_sbrk_r)
c:/progra~2/armgnu~1/112202~1.02/bin/../lib/gcc/arm-none-eabi/11.2.1/thumb/v6-m/nofp\libg.a(lib_a-sscanf.o)
                              CMakeFiles/easynode.dir/main.c.obj (sscanf)
c:/progra~2/armgnu~1/112202~1.02/bin/../lib/gcc/arm-none-eabi/11.2.1/thumb/v6-m/nofp\libg.a(lib_a-stdio.o)
                              c:/progra~2/armgnu~1/112202~1.02/bin/../lib/gcc/arm-none-eabi/11.2.1/thumb/v6-m/nofp\libg.a(lib_a-findfp.o) (__sread)
[...]
Memory Configuration

Name             Origin             Length             Attributes
FLASH            0x10000000         0x00200000         xr
RAM              0x20000000         0x00040000         xrw
SCRATCH_X        0x20040000         0x00001000         xrw
SCRATCH_Y        0x20041000         0x00001000         xrw
*default*        0x00000000         0xffffffff

Linker script and memory map

LOAD c:/progra~2/armgnu~1/112202~1.02/bin/../lib/gcc/arm-none-eabi/11.2.1/thumb/v6-m/nofp/crti.o
LOAD c:/progra~2/armgnu~1/112202~1.02/bin/../lib/gcc/arm-none-eabi/11.2.1/thumb/v6-m/nofp/crtbegin.o
LOAD c:/progra~2/armgnu~1/112202~1.02/bin/../lib/gcc/arm-none-eabi/11.2.1/thumb/v6-m/nofp/crt0.o

.flash_begin    0x10000000        0x0
                0x10000000                __flash_binary_start = .

.boot2          0x10000000      0x100
                0x10000000                __boot2_start__ = .
 *(.boot2)
 .boot2         0x10000000      0x100 C:\Users\shabaz\AppData\Local\Temp\ccSYNczg.o
                0x10000100                __boot2_end__ = .
                0x00000001                ASSERT (((__boot2_end__ - __boot2_start__) == 0x100), ERROR: Pico second stage bootloader must be 256 bytes in size)

.text           0x10000100    0x273f8
                0x10000100                __logical_binary_start = .
 *(.vectors)
 .vectors       0x10000100       0xd4 CMakeFiles/easynode.dir/C_/development/pico/pico-sdk/src/rp2_common/pico_standard_link/crt0.S.obj
                0x10000100                __VECTOR_TABLE
                0x10000100                __vectors
                0x100001c0                isr_invalid
                0x100001c0                __default_isrs_start
                0x100001c2                isr_nmi
                0x100001c4                isr_hardfault
                0x100001c6                isr_svcall
                0x100001c8                isr_pendsv
                0x100001ca                isr_systick
                0x100001cc                isr_irq23
                0x100001cc                isr_irq18
                0x100001cc                isr_irq11
                0x100001cc                isr_irq28
                0x100001cc                isr_irq19
                0x100001cc                isr_irq0
                0x100001cc                isr_irq6
                0x100001cc                isr_irq5
                0x100001cc                isr_irq12
                0x100001cc                isr_irq22
                0x100001cc                isr_irq31
                0x100001cc                isr_irq17
                0x100001cc                isr_irq27
                0x100001cc                isr_irq30
                0x100001cc                isr_irq2
                0x100001cc                isr_irq10
                0x100001cc                isr_irq8
                0x100001cc                isr_irq24
                0x100001cc                isr_irq1
                0x100001cc                isr_irq7
                0x100001cc                isr_irq21
                0x100001cc                isr_irq20
                0x100001cc                isr_irq15
                0x100001cc                isr_irq25
                0x100001cc                isr_irq13
                0x100001cc                __unhandled_user_irq
                0x100001cc                isr_irq4
                0x100001cc                isr_irq16
                0x100001cc                isr_irq29
                0x100001cc                isr_irq26
                0x100001cc                __default_isrs_end
                0x100001cc                isr_irq3
                0x100001cc                isr_irq14
                0x100001cc                isr_irq9
                0x100001d2                unhandled_user_irq_num_in_r0
 *(.binary_info_header)
 .binary_info_header
                0x100001d4       0x14 CMakeFiles/easynode.dir/C_/development/pico/pico-sdk/src/rp2_common/pico_standard_link/crt0.S.obj
                0x100001e8                __binary_info_header_end = .
 *(.reset)
 .reset         0x100001e8       0xa8 CMakeFiles/easynode.dir/C_/development/pico/pico-sdk/src/rp2_common/pico_standard_link/crt0.S.obj
                0x100001e8                _entry_point
                0x10000266                __get_current_exception
 .reset         0x10000290       0x30 CMakeFiles/easynode.dir/C_/development/pico/pico-sdk/src/rp2_common/pico_standard_link/binary_info.c.obj
 *(.init)
 .init          0x100002c0        0x4 c:/progra~2/armgnu~1/112202~1.02/bin/../lib/gcc/arm-none-eabi/11.2.1/thumb/v6-m/nofp/crti.o
                0x100002c0                _init
 *(EXCLUDE_FILE(*libm.a: *libc.a:*lib_a-mem*.o *libgcc.a:) .text*)
 .text.register_tm_clones
                0x100002c4       0x28 c:/progra~2/armgnu~1/112202~1.02/bin/../lib/gcc/arm-none-eabi/11.2.1/thumb/v6-m/nofp/crtbegin.o
 .text.frame_dummy
                0x100002ec       0x24 c:/progra~2/armgnu~1/112202~1.02/bin/../lib/gcc/arm-none-eabi/11.2.1/thumb/v6-m/nofp/crtbegin.o
 .text.nv_erase
                0x10000310       0x1a CMakeFiles/easynode.dir/main.c.obj
                0x10000310                nv_erase
 *fill*         0x1000032a        0x2 
 .text.lora_stack_nv_erase
                0x1000032c       0x1c CMakeFiles/easynode.dir/main.c.obj
                0x1000032c                lora_stack_nv_erase
 .text.nv_write_256
                0x10000348       0x1c CMakeFiles/easynode.dir/main.c.obj
                0x10000348                nv_write_256
 .text.nv_read_256
                0x10000364       0x18 CMakeFiles/easynode.dir/main.c.obj
                0x10000364                nv_read_256
 .text.b64_decoded_size
                0x1000037c       0x28 CMakeFiles/easynode.dir/main.c.obj
                0x1000037c                b64_decoded_size
 .text.b64_isvalidchar
                0x100003a4       0x38 CMakeFiles/easynode.dir/main.c.obj
                0x100003a4                b64_isvalidchar
 .text.b64_decode
                0x100003dc       0xd8 CMakeFiles/easynode.dir/main.c.obj
                0x100003dc                b64_decode
 .text.rbyte    0x100004b4       0x54 CMakeFiles/easynode.dir/main.c.obj
                0x100004b4                rbyte
 .text.rseed    0x10000508       0x94 CMakeFiles/easynode.dir/main.c.obj
                0x10000508                rseed
 .text.therm_init
                0x1000059c       0x50 CMakeFiles/easynode.dir/main.c.obj
                0x1000059c                therm_init
 .text.therm_is_ready
                0x100005ec       0x48 CMakeFiles/easynode.dir/main.c.obj
                0x100005ec                therm_is_ready
 .text.therm_value
                0x10000634       0x3c CMakeFiles/easynode.dir/main.c.obj
                0x10000634                therm_value
 .text.therm_wait_get_value
                0x10000670       0x20 CMakeFiles/easynode.dir/main.c.obj
                0x10000670                therm_wait_get_value
 .text.syspwr_test
                0x10000690       0x88 CMakeFiles/easynode.dir/main.c.obj
                0x10000690                syspwr_test
 .text.syspwr_get_time
                0x10000718       0x90 CMakeFiles/easynode.dir/main.c.obj
                0x10000718                syspwr_get_time
 .text.bcd_to_string
                0x100007a8       0x12 CMakeFiles/easynode.dir/main.c.obj
                0x100007a8                bcd_to_string
 *fill*         0x100007ba        0x2 
 .text.syspwr_get_date
                0x100007bc       0xa0 CMakeFiles/easynode.dir/main.c.obj
                0x100007bc                syspwr_get_date
 .text.syspwr_set_outputs
                0x1000085c       0x74 CMakeFiles/easynode.dir/main.c.obj
                0x1000085c                syspwr_set_outputs
 .text.syspwr_set_wake_time
                0x100008d0       0x50 CMakeFiles/easynode.dir/main.c.obj
                0x100008d0                syspwr_set_wake_time
 .text.board_init
                0x10000920       0x88 CMakeFiles/easynode.dir/main.c.obj
                0x10000920                board_init
 .text.read_config_file
                0x100009a8      0x600 CMakeFiles/easynode.dir/main.c.obj
                0x100009a8                read_config_file
 .text.read_config_nv
                0x10000fa8      0x1b8 CMakeFiles/easynode.dir/main.c.obj
                0x10000fa8                read_config_nv
 .text.sd_test  0x10001160       0x98 CMakeFiles/easynode.dir/main.c.obj
                0x10001160                sd_test
 .text.write_record
                0x100011f8       0xb0 CMakeFiles/easynode.dir/main.c.obj
                0x100011f8                write_record
 .text.get_iso_time
                0x100012a8       0x16 CMakeFiles/easynode.dir/main.c.obj
                0x100012a8                get_iso_time
 .text.poweroff
                0x100012be       0x1c CMakeFiles/easynode.dir/main.c.obj
                0x100012be                poweroff
 *fill*         0x100012da        0x2 
 .text.main     0x100012dc      0x2d8 CMakeFiles/easynode.dir/main.c.obj
                0x100012dc                main
 .text.spi0_dma_isr
                0x100015b4       0x10 CMakeFiles/easynode.dir/hw_config.c.obj
                0x100015b4                spi0_dma_isr
 .text.sd_get_num
                0x100015c4        0x4 CMakeFiles/easynode.dir/hw_config.c.obj
                0x100015c4                sd_get_num
 .text.sd_get_by_num
                0x100015c8       0x24 CMakeFiles/easynode.dir/hw_config.c.obj
                0x100015c8                sd_get_by_num
 .text.spi_get_num
                0x100015ec        0x4 CMakeFiles/easynode.dir/hw_config.c.obj
                0x100015ec                spi_get_num
 .text.spi_get_by_num
                0x100015f0       0x1c CMakeFiles/easynode.dir/hw_config.c.obj
                0x100015f0                spi_get_by_num
 .text.OnMacProcessNotify
                0x1000160c        0xc CMakeFiles/easynode.dir/pico-lorawan/src/lorawan.c.obj
 .text.OnSysTimeUpdate
                0x10001618        0x2 CMakeFiles/easynode.dir/pico-lorawan/src/lorawan.c.obj
 *fill*         0x1000161a        0x2 
 .text.OnTxPeriodicityChanged
                0x1000161c        0xc CMakeFiles/easynode.dir/pico-lorawan/src/lorawan.c.obj
 .text.OnTxFrameCtrlChanged
                0x10001628        0xc CMakeFiles/easynode.dir/pico-lorawan/src/lorawan.c.obj
 .text.OnPingSlotPeriodicityChanged
                0x10001634       0x10 CMakeFiles/easynode.dir/pico-lorawan/src/lorawan.c.obj
 .text.OnBeaconStatusChange
                0x10001644       0x18 CMakeFiles/easynode.dir/pico-lorawan/src/lorawan.c.obj
 .text.OnClassChange
                0x1000165c       0x2c CMakeFiles/easynode.dir/pico-lorawan/src/lorawan.c.obj
 .text.OnRxData
                0x10001688       0x30 CMakeFiles/easynode.dir/pico-lorawan/src/lorawan.c.obj
 .text.OnTxData
                0x100016b8       0x18 CMakeFiles/easynode.dir/pico-lorawan/src/lorawan.c.obj
 .text.OnJoinRequest
                0x100016d0       0x2c CMakeFiles/easynode.dir/pico-lorawan/src/lorawan.c.obj
 .text.OnMacMlmeRequest
                0x100016fc       0x18 CMakeFiles/easynode.dir/pico-lorawan/src/lorawan.c.obj
 .text.OnMacMcpsRequest
                0x10001714       0x18 CMakeFiles/easynode.dir/pico-lorawan/src/lorawan.c.obj
 .text.OnNetworkParametersChange
                0x1000172c      0x298 CMakeFiles/easynode.dir/pico-lorawan/src/lorawan.c.obj
 .text.OnNvmDataChange
                0x100019c4       0x1c CMakeFiles/easynode.dir/pico-lorawan/src/lorawan.c.obj
 .text.lorawan_init
                0x100019e0       0xac CMakeFiles/easynode.dir/pico-lorawan/src/lorawan.c.obj
                0x100019e0                lorawan_init
 .text.lorawan_init_otaa
                0x10001a8c       0x1c CMakeFiles/easynode.dir/pico-lorawan/src/lorawan.c.obj
                0x10001a8c                lorawan_init_otaa
 .text.lorawan_join
                0x10001aa8        0xa CMakeFiles/easynode.dir/pico-lorawan/src/lorawan.c.obj
                0x10001aa8                lorawan_join
 .text.lorawan_is_joined
                0x10001ab2        0xe CMakeFiles/easynode.dir/pico-lorawan/src/lorawan.c.obj
                0x10001ab2                lorawan_is_joined
 .text.lorawan_process
                0x10001ac0       0x34 CMakeFiles/easynode.dir/pico-lorawan/src/lorawan.c.obj
                0x10001ac0                lorawan_process
 .text.lorawan_process_timeout_ms
                0x10001af4       0xa0 CMakeFiles/easynode.dir/pico-lorawan/src/lorawan.c.obj
                0x10001af4                lorawan_process_timeout_ms
 .text.lorawan_send_unconfirmed
                0x10001b94       0x22 CMakeFiles/easynode.dir/pico-lorawan/src/lorawan.c.obj
                0x10001b94                lorawan_send_unconfirmed
 *fill*         0x10001bb6        0x2 
 .text.lorawan_receive
                0x10001bb8       0x34 CMakeFiles/easynode.dir/pico-lorawan/src/lorawan.c.obj
                0x10001bb8                lorawan_receive
 .text.lorawan_nvm_in_use
                0x10001bec       0x12 CMakeFiles/easynode.dir/pico-lorawan/src/lorawan.c.obj
                0x10001bec                lorawan_nvm_in_use
 *fill*         0x10001bfe        0x2 
 .text.PrintHexBuffer
                0x10001c00       0x40 CMakeFiles/easynode.dir/pico-lorawan/lib/LoRaMac-node/src/apps/LoRaMac/common/LmHandlerMsgDisplay.c.obj
                0x10001c00                PrintHexBuffer
 .text.DisplayNvmDataChange
                0x10001c40       0x2c CMakeFiles/easynode.dir/pico-lorawan/lib/LoRaMac-node/src/apps/LoRaMac/common/LmHandlerMsgDisplay.c.obj
                0x10001c40                DisplayNvmDataChange
 .text.DisplayNetworkParametersUpdate
                0x10001c6c       0x80 CMakeFiles/easynode.dir/pico-lorawan/lib/LoRaMac-node/src/apps/LoRaMac/common/LmHandlerMsgDisplay.c.obj
                0x10001c6c                DisplayNetworkParametersUpdate
 .text.DisplayMacMcpsRequestUpdate
                0x10001cec       0xa4 CMakeFiles/easynode.dir/pico-lorawan/lib/LoRaMac-node/src/apps/LoRaMac/common/LmHandlerMsgDisplay.c.obj
                0x10001cec                DisplayMacMcpsRequestUpdate
 .text.DisplayMacMlmeRequestUpdate
                0x10001d90       0xc0 CMakeFiles/easynode.dir/pico-lorawan/lib/LoRaMac-node/src/apps/LoRaMac/common/LmHandlerMsgDisplay.c.obj
                0x10001d90                DisplayMacMlmeRequestUpdate
 .text.DisplayJoinRequestUpdate
                0x10001e50       0x78 CMakeFiles/easynode.dir/pico-lorawan/lib/LoRaMac-node/src/apps/LoRaMac/common/LmHandlerMsgDisplay.c.obj
                0x10001e50                DisplayJoinRequestUpdate
 .text.DisplayTxUpdate
                0x10001ec8      0x18c CMakeFiles/easynode.dir/pico-lorawan/lib/LoRaMac-node/src/apps/LoRaMac/common/LmHandlerMsgDisplay.c.obj
                0x10001ec8                DisplayTxUpdate
 .text.DisplayRxUpdate
                0x10002054       0xdc CMakeFiles/easynode.dir/pico-lorawan/lib/LoRaMac-node/src/apps/LoRaMac/common/LmHandlerMsgDisplay.c.obj
                0x10002054                DisplayRxUpdate
 .text.DisplayBeaconUpdate
                0x10002130       0xa4 CMakeFiles/easynode.dir/pico-lorawan/lib/LoRaMac-node/src/apps/LoRaMac/common/LmHandlerMsgDisplay.c.obj
                0x10002130                DisplayBeaconUpdate
 .text.DisplayClassUpdate
                0x100021d4       0x18 CMakeFiles/easynode.dir/pico-lorawan/lib/LoRaMac-node/src/apps/LoRaMac/common/LmHandlerMsgDisplay.c.obj
                0x100021d4                DisplayClassUpdate
 .text.NvmDataMgmtEvent
                0x100021ec        0xc CMakeFiles/easynode.dir/pico-lorawan/lib/LoRaMac-node/src/apps/LoRaMac/common/NvmDataMgmt.c.obj
                0x100021ec                NvmDataMgmtEvent
 .text.NvmDataMgmtStore
                0x100021f8      0x10c CMakeFiles/easynode.dir/pico-lorawan/lib/LoRaMac-node/src/apps/LoRaMac/common/NvmDataMgmt.c.obj
                0x100021f8                NvmDataMgmtStore
 .text.NvmDataMgmtRestore
                0x10002304       0xac CMakeFiles/easynode.dir/pico-lorawan/lib/LoRaMac-node/src/apps/LoRaMac/common/NvmDataMgmt.c.obj
                0x10002304                NvmDataMgmtRestore
 .text.LmHandlerPackagesNotify
                0x100023b0       0x64 CMakeFiles/easynode.dir/pico-lorawan/lib/LoRaMac-node/src/apps/LoRaMac/common/LmHandler/LmHandler.c.obj
 .text.McpsConfirm
                0x10002414       0x40 CMakeFiles/easynode.dir/pico-lorawan/lib/LoRaMac-node/src/apps/LoRaMac/common/LmHandler/LmHandler.c.obj
 .text.LmHandlerDeviceTimeReq
                0x10002454       0x3c CMakeFiles/easynode.dir/pico-lorawan/lib/LoRaMac-node/src/apps/LoRaMac/common/LmHandler/LmHandler.c.obj
 .text.LmHandlerBeaconReq
                0x10002490       0x3c CMakeFiles/easynode.dir/pico-lorawan/lib/LoRaMac-node/src/apps/LoRaMac/common/LmHandler/LmHandler.c.obj
 .text.LmHandlerJoinRequest
                0x100024cc       0x5c CMakeFiles/easynode.dir/pico-lorawan/lib/LoRaMac-node/src/apps/LoRaMac/common/LmHandler/LmHandler.c.obj
 .text.LmHandlerInit
                0x10002528      0x128 CMakeFiles/easynode.dir/pico-lorawan/lib/LoRaMac-node/src/apps/LoRaMac/common/LmHandler/LmHandler.c.obj
                0x10002528                LmHandlerInit
 .text.LmHandlerGetDutyCycleWaitTime
                0x10002650        0xc CMakeFiles/easynode.dir/pico-lorawan/lib/LoRaMac-node/src/apps/LoRaMac/common/LmHandler/LmHandler.c.obj
                0x10002650                LmHandlerGetDutyCycleWaitTime
 .text.LmHandlerJoin
                0x1000265c       0x10 CMakeFiles/easynode.dir/pico-lorawan/lib/LoRaMac-node/src/apps/LoRaMac/common/LmHandler/LmHandler.c.obj
                0x1000265c                LmHandlerJoin
 .text.LmHandlerJoinStatus
                0x1000266c       0x24 CMakeFiles/easynode.dir/pico-lorawan/lib/LoRaMac-node/src/apps/LoRaMac/common/LmHandler/LmHandler.c.obj
                0x1000266c                LmHandlerJoinStatus
 .text.LmHandlerIsBusy
                0x10002690       0x44 CMakeFiles/easynode.dir/pico-lorawan/lib/LoRaMac-node/src/apps/LoRaMac/common/LmHandler/LmHandler.c.obj
                0x10002690                LmHandlerIsBusy
 .text.LmHandlerSend
                0x100026d4       0xac CMakeFiles/easynode.dir/pico-lorawan/lib/LoRaMac-node/src/apps/LoRaMac/common/LmHandler/LmHandler.c.obj
                0x100026d4                LmHandlerSend
 .text.MlmeIndication
                0x10002780       0xe4 CMakeFiles/easynode.dir/pico-lorawan/lib/LoRaMac-node/src/apps/LoRaMac/common/LmHandler/LmHandler.c.obj
 .text.LmHandlerPingSlotReq
                0x10002864       0x6c CMakeFiles/easynode.dir/pico-lorawan/lib/LoRaMac-node/src/apps/LoRaMac/common/LmHandler/LmHandler.c.obj
                0x10002864                LmHandlerPingSlotReq
 .text.LmHandlerRequestClass
                0x100028d0       0x9c CMakeFiles/easynode.dir/pico-lorawan/lib/LoRaMac-node/src/apps/LoRaMac/common/LmHandler/LmHandler.c.obj
                0x100028d0                LmHandlerRequestClass
 .text.LmHandlerGetCurrentClass
                0x1000296c       0x18 CMakeFiles/easynode.dir/pico-lorawan/lib/LoRaMac-node/src/apps/LoRaMac/common/LmHandler/LmHandler.c.obj
                0x1000296c                LmHandlerGetCurrentClass
 .text.McpsIndication
                0x10002984       0xa0 CMakeFiles/easynode.dir/pico-lorawan/lib/LoRaMac-node/src/apps/LoRaMac/common/LmHandler/LmHandler.c.obj
 .text.LmHandlerGetCurrentDatarate
                0x10002a24       0x1a CMakeFiles/easynode.dir/pico-lorawan/lib/LoRaMac-node/src/apps/LoRaMac/common/LmHandler/LmHandler.c.obj
                0x10002a24                LmHandlerGetCurrentDatarate
 *fill*         0x10002a3e        0x2 
 .text.MlmeConfirm
                0x10002a40       0xe0 CMakeFiles/easynode.dir/pico-lorawan/lib/LoRaMac-node/src/apps/LoRaMac/common/LmHandler/LmHandler.c.obj
 .text.LmHandlerGetActiveRegion
                0x10002b20        0xc CMakeFiles/easynode.dir/pico-lorawan/lib/LoRaMac-node/src/apps/LoRaMac/common/LmHandler/LmHandler.c.obj
                0x10002b20                LmHandlerGetActiveRegion
 .text.LmHandlerSetSystemMaxRxError
                0x10002b2c       0x20 CMakeFiles/easynode.dir/pico-lorawan/lib/LoRaMac-node/src/apps/LoRaMac/common/LmHandler/LmHandler.c.obj
                0x10002b2c                LmHandlerSetSystemMaxRxError
 .text.LmHandlerPackageRegister
                0x10002b4c       0x7c CMakeFiles/easynode.dir/pico-lorawan/lib/LoRaMac-node/src/apps/LoRaMac/common/LmHandler/LmHandler.c.obj
                0x10002b4c                LmHandlerPackageRegister
 .text.LmHandlerPackageIsInitialized
                0x10002bc8       0x1c CMakeFiles/easynode.dir/pico-lorawan/lib/LoRaMac-node/src/apps/LoRaMac/common/LmHandler/LmHandler.c.obj
                0x10002bc8                LmHandlerPackageIsInitialized
 .text.LmHandlerPackagesProcess
                0x10002be4       0x3c CMakeFiles/easynode.dir/pico-lorawan/lib/LoRaMac-node/src/apps/LoRaMac/common/LmHandler/LmHandler.c.obj
 .text.LmHandlerProcess
                0x10002c20       0x30 CMakeFiles/easynode.dir/pico-lorawan/lib/LoRaMac-node/src/apps/LoRaMac/common/LmHandler/LmHandler.c.obj
                0x10002c20                LmHandlerProcess
 .text.SetRow   0x10002c50       0x20 CMakeFiles/easynode.dir/pico-lorawan/lib/LoRaMac-node/src/apps/LoRaMac/common/LmHandler/packages/FragDecoder.c.obj
 .text.GetRow   0x10002c70       0x20 CMakeFiles/easynode.dir/pico-lorawan/lib/LoRaMac-node/src/apps/LoRaMac/common/LmHandler/packages/FragDecoder.c.obj
 .text.GetParity
                0x10002c90       0x12 CMakeFiles/easynode.dir/pico-lorawan/lib/LoRaMac-node/src/apps/LoRaMac/common/LmHandler/packages/FragDecoder.c.obj
 .text.SetParity
                0x10002ca2       0x1c CMakeFiles/easynode.dir/pico-lorawan/lib/LoRaMac-node/src/apps/LoRaMac/common/LmHandler/packages/FragDecoder.c.obj
 .text.IsPowerOfTwo
                0x10002cbe       0x26 CMakeFiles/easynode.dir/pico-lorawan/lib/LoRaMac-node/src/apps/LoRaMac/common/LmHandler/packages/FragDecoder.c.obj
 .text.XorDataLine
                0x10002ce4       0x16 CMakeFiles/easynode.dir/pico-lorawan/lib/LoRaMac-node/src/apps/LoRaMac/common/LmHandler/packages/FragDecoder.c.obj
 .text.XorParityLine
                0x10002cfa       0x40 CMakeFiles/easynode.dir/pico-lorawan/lib/LoRaMac-node/src/apps/LoRaMac/common/LmHandler/packages/FragDecoder.c.obj
 .text.FragPrbs23
                0x10002d3a       0x14 CMakeFiles/easynode.dir/pico-lorawan/lib/LoRaMac-node/src/apps/LoRaMac/common/LmHandler/packages/FragDecoder.c.obj
 .text.FragGetParityMatrixRow
                0x10002d4e       0x74 CMakeFiles/easynode.dir/pico-lorawan/lib/LoRaMac-node/src/apps/LoRaMac/common/LmHandler/packages/FragDecoder.c.obj
 .text.BitArrayFindFirstOne
                0x10002dc2       0x26 CMakeFiles/easynode.dir/pico-lorawan/lib/LoRaMac-node/src/apps/LoRaMac/common/LmHandler/packages/FragDecoder.c.obj
 .text.BitArrayIsAllZeros
                0x10002de8       0x26 CMakeFiles/easynode.dir/pico-lorawan/lib/LoRaMac-node/src/apps/LoRaMac/common/LmHandler/packages/FragDecoder.c.obj
 *fill*         0x10002e0e        0x2 
 .text.FragFindMissingFrags
                0x10002e10       0x50 CMakeFiles/easynode.dir/pico-lorawan/lib/LoRaMac-node/src/apps/LoRaMac/common/LmHandler/packages/FragDecoder.c.obj
 .text.FragFindMissingIndex
                0x10002e60       0x30 CMakeFiles/easynode.dir/pico-lorawan/lib/LoRaMac-node/src/apps/LoRaMac/common/LmHandler/packages/FragDecoder.c.obj
 .text.FragExtractLineFromBinaryMatrix
                0x10002e90       0x88 CMakeFiles/easynode.dir/pico-lorawan/lib/LoRaMac-node/src/apps/LoRaMac/common/LmHandler/packages/FragDecoder.c.obj
 .text.FragPushLineToBinaryMatrix
                0x10002f18       0x7c CMakeFiles/easynode.dir/pico-lorawan/lib/LoRaMac-node/src/apps/LoRaMac/common/LmHandler/packages/FragDecoder.c.obj
 .text.FragDecoderInit
                0x10002f94       0xa4 CMakeFiles/easynode.dir/pico-lorawan/lib/LoRaMac-node/src/apps/LoRaMac/common/LmHandler/packages/FragDecoder.c.obj
                0x10002f94                FragDecoderInit
 .text.FragDecoderGetMaxFileSize
                0x10003038        0x8 CMakeFiles/easynode.dir/pico-lorawan/lib/LoRaMac-node/src/apps/LoRaMac/common/LmHandler/packages/FragDecoder.c.obj
                0x10003038                FragDecoderGetMaxFileSize
 .text.FragDecoderProcess
                0x10003040      0x284 CMakeFiles/easynode.dir/pico-lorawan/lib/LoRaMac-node/src/apps/LoRaMac/common/LmHandler/packages/FragDecoder.c.obj
                0x10003040                FragDecoderProcess
 .text.FragDecoderGetStatus
                0x100032c4       0x18 CMakeFiles/easynode.dir/pico-lorawan/lib/LoRaMac-node/src/apps/LoRaMac/common/LmHandler/packages/FragDecoder.c.obj
                0x100032c4                FragDecoderGetStatus
 .text.LmhpClockSyncInit
                0x100032dc       0x24 CMakeFiles/easynode.dir/pico-lorawan/lib/LoRaMac-node/src/apps/LoRaMac/common/LmHandler/packages/LmhpClockSync.c.obj
 .text.LmhpClockSyncIsInitialized
                0x10003300        0xc CMakeFiles/easynode.dir/pico-lorawan/lib/LoRaMac-node/src/apps/LoRaMac/common/LmHandler/packages/LmhpClockSync.c.obj
 .text.LmhpClockSyncIsTxPending
                0x1000330c        0xc CMakeFiles/easynode.dir/pico-lorawan/lib/LoRaMac-node/src/apps/LoRaMac/common/LmHandler/packages/LmhpClockSync.c.obj
 .text.LmhpClockSyncOnMcpsIndication
                0x10003318      0x184 CMakeFiles/easynode.dir/pico-lorawan/lib/LoRaMac-node/src/apps/LoRaMac/common/LmHandler/packages/LmhpClockSync.c.obj
 .text.LmhpClockSyncOnMcpsConfirm
                0x1000349c       0x4c CMakeFiles/easynode.dir/pico-lorawan/lib/LoRaMac-node/src/apps/LoRaMac/common/LmHandler/packages/LmhpClockSync.c.obj
 .text.LmphClockSyncPackageFactory
                0x100034e8        0x8 CMakeFiles/easynode.dir/pico-lorawan/lib/LoRaMac-node/src/apps/LoRaMac/common/LmHandler/packages/LmhpClockSync.c.obj
                0x100034e8                LmphClockSyncPackageFactory
 .text.LmhpClockSyncAppTimeReq
                0x100034f0       0xc8 CMakeFiles/easynode.dir/pico-lorawan/lib/LoRaMac-node/src/apps/LoRaMac/common/LmHandler/packages/LmhpClockSync.c.obj
                0x100034f0                LmhpClockSyncAppTimeReq
 .text.LmhpClockSyncProcess
                0x100035b8       0x24 CMakeFiles/easynode.dir/pico-lorawan/lib/LoRaMac-node/src/apps/LoRaMac/common/LmHandler/packages/LmhpClockSync.c.obj
 .text.LmhpComplianceIsInitialized
                0x100035dc        0xc CMakeFiles/easynode.dir/pico-lorawan/lib/LoRaMac-node/src/apps/LoRaMac/common/LmHandler/packages/LmhpCompliance.c.obj
 .text.LmhpComplianceIsTxPending
                0x100035e8        0xc CMakeFiles/easynode.dir/pico-lorawan/lib/LoRaMac-node/src/apps/LoRaMac/common/LmHandler/packages/LmhpCompliance.c.obj
 .text.SendBeaconRxStatusInd
                0x100035f4      0x148 CMakeFiles/easynode.dir/pico-lorawan/lib/LoRaMac-node/src/apps/LoRaMac/common/LmHandler/packages/LmhpCompliance.c.obj
 .text.LmhpComplianceOnMlmeIndication
                0x1000373c       0x60 CMakeFiles/easynode.dir/pico-lorawan/lib/LoRaMac-node/src/apps/LoRaMac/common/LmHandler/packages/LmhpCompliance.c.obj
 .text.LmhpComplianceOnMlmeConfirm
                0x1000379c       0x34 CMakeFiles/easynode.dir/pico-lorawan/lib/LoRaMac-node/src/apps/LoRaMac/common/LmHandler/packages/LmhpCompliance.c.obj
 .text.LmhpComplianceInit
                0x100037d0       0x4c CMakeFiles/easynode.dir/pico-lorawan/lib/LoRaMac-node/src/apps/LoRaMac/common/LmHandler/packages/LmhpCompliance.c.obj
 .text.LmhpComplianceOnMcpsIndication
                0x1000381c      0x31c CMakeFiles/easynode.dir/pico-lorawan/lib/LoRaMac-node/src/apps/LoRaMac/common/LmHandler/packages/LmhpCompliance.c.obj
 .text.LmhpComplianceProcess
                0x10003b38       0x74 CMakeFiles/easynode.dir/pico-lorawan/lib/LoRaMac-node/src/apps/LoRaMac/common/LmHandler/packages/LmhpCompliance.c.obj
 .text.LmphCompliancePackageFactory
                0x10003bac        0x8 CMakeFiles/easynode.dir/pico-lorawan/lib/LoRaMac-node/src/apps/LoRaMac/common/LmHandler/packages/LmhpCompliance.c.obj
                0x10003bac                LmphCompliancePackageFactory
 .text.LmhpFragmentationIsInitialized
                0x10003bb4        0xc CMakeFiles/easynode.dir/pico-lorawan/lib/LoRaMac-node/src/apps/LoRaMac/common/LmHandler/packages/LmhpFragmentation.c.obj
 .text.LmhpFragmentationIsTxPending
                0x10003bc0        0xc CMakeFiles/easynode.dir/pico-lorawan/lib/LoRaMac-node/src/apps/LoRaMac/common/LmHandler/packages/LmhpFragmentation.c.obj
 .text.LmhpFragmentationOnMcpsIndication
                0x10003bcc      0x3cc CMakeFiles/easynode.dir/pico-lorawan/lib/LoRaMac-node/src/apps/LoRaMac/common/LmHandler/packages/LmhpFragmentation.c.obj
 .text.LmhpFragmentationProcess
                0x10003f98       0x54 CMakeFiles/easynode.dir/pico-lorawan/lib/LoRaMac-node/src/apps/LoRaMac/common/LmHandler/packages/LmhpFragmentation.c.obj
 .text.LmhpFragmentationInit
                0x10003fec       0x50 CMakeFiles/easynode.dir/pico-lorawan/lib/LoRaMac-node/src/apps/LoRaMac/common/LmHandler/packages/LmhpFragmentation.c.obj
 .text.OnFragmentTxDelay
                0x1000403c       0x18 CMakeFiles/easynode.dir/pico-lorawan/lib/LoRaMac-node/src/apps/LoRaMac/common/LmHandler/packages/LmhpFragmentation.c.obj
 .text.LmhpFragmentationPackageFactory
                0x10004054        0x8 CMakeFiles/easynode.dir/pico-lorawan/lib/LoRaMac-node/src/apps/LoRaMac/common/LmHandler/packages/LmhpFragmentation.c.obj
                0x10004054                LmhpFragmentationPackageFactory
 .text.LmhpRemoteMcastSetupIsInitialized
                0x1000405c        0xc CMakeFiles/easynode.dir/pico-lorawan/lib/LoRaMac-node/src/apps/LoRaMac/common/LmHandler/packages/LmhpRemoteMcastSetup.c.obj
 .text.LmhpRemoteMcastSetupIsTxPending
                0x10004068        0xc CMakeFiles/easynode.dir/pico-lorawan/lib/LoRaMac-node/src/apps/LoRaMac/common/LmHandler/packages/LmhpRemoteMcastSetup.c.obj
 .text.LmhpRemoteMcastSetupOnMcpsIndication
                0x10004074      0x460 CMakeFiles/easynode.dir/pico-lorawan/lib/LoRaMac-node/src/apps/LoRaMac/common/LmHandler/packages/LmhpRemoteMcastSetup.c.obj
 .text.LmhpRemoteMcastSetupProcess
                0x100044d4       0x5c CMakeFiles/easynode.dir/pico-lorawan/lib/LoRaMac-node/src/apps/LoRaMac/common/LmHandler/packages/LmhpRemoteMcastSetup.c.obj
 .text.LmhpRemoteMcastSetupInit
                0x10004530       0x44 CMakeFiles/easynode.dir/pico-lorawan/lib/LoRaMac-node/src/apps/LoRaMac/common/LmHandler/packages/LmhpRemoteMcastSetup.c.obj
 .text.OnSessionStopTimer
                0x10004574       0x18 CMakeFiles/easynode.dir/pico-lorawan/lib/LoRaMac-node/src/apps/LoRaMac/common/LmHandler/packages/LmhpRemoteMcastSetup.c.obj
 .text.OnSessionStartTimer
                0x1000458c       0x18 CMakeFiles/easynode.dir/pico-lorawan/lib/LoRaMac-node/src/apps/LoRaMac/common/LmHandler/packages/LmhpRemoteMcastSetup.c.obj
 .text.LmhpRemoteMcastSetupPackageFactory
                0x100045a4        0x8 CMakeFiles/easynode.dir/pico-lorawan/lib/LoRaMac-node/src/apps/LoRaMac/common/LmHandler/packages/LmhpRemoteMcastSetup.c.obj
                0x100045a4                LmhpRemoteMcastSetupPackageFactory
 .text.rand1    0x100045ac       0x2c CMakeFiles/easynode.dir/pico-lorawan/lib/LoRaMac-node/src/boards/mcu/utilities.c.obj
                0x100045ac                rand1
 .text.srand1   0x100045d8        0xc CMakeFiles/easynode.dir/pico-lorawan/lib/LoRaMac-node/src/boards/mcu/utilities.c.obj
                0x100045d8                srand1
 .text.randr    0x100045e4       0x16 CMakeFiles/easynode.dir/pico-lorawan/lib/LoRaMac-node/src/boards/mcu/utilities.c.obj
                0x100045e4                randr
 .text.memcpy1  0x100045fa       0x16 CMakeFiles/easynode.dir/pico-lorawan/lib/LoRaMac-node/src/boards/mcu/utilities.c.obj
                0x100045fa                memcpy1
 .text.memcpyr  0x10004610       0x1a CMakeFiles/easynode.dir/pico-lorawan/lib/LoRaMac-node/src/boards/mcu/utilities.c.obj
                0x10004610                memcpyr
 .text.memset1  0x1000462a       0x12 CMakeFiles/easynode.dir/pico-lorawan/lib/LoRaMac-node/src/boards/mcu/utilities.c.obj
                0x1000462a                memset1
 .text.Crc32    0x1000463c       0x40 CMakeFiles/easynode.dir/pico-lorawan/lib/LoRaMac-node/src/boards/mcu/utilities.c.obj
                0x1000463c                Crc32
 .text.Crc32Init
                0x1000467c        0x6 CMakeFiles/easynode.dir/pico-lorawan/lib/LoRaMac-node/src/boards/mcu/utilities.c.obj
                0x1000467c                Crc32Init
 *fill*         0x10004682        0x2 
 .text.Crc32Update
                0x10004684       0x38 CMakeFiles/easynode.dir/pico-lorawan/lib/LoRaMac-node/src/boards/mcu/utilities.c.obj
                0x10004684                Crc32Update
 .text.Crc32Finalize
                0x100046bc        0x4 CMakeFiles/easynode.dir/pico-lorawan/lib/LoRaMac-node/src/boards/mcu/utilities.c.obj
                0x100046bc                Crc32Finalize
 .text.RegionIsActive
                0x100046c0        0xc CMakeFiles/easynode.dir/pico-lorawan/lib/LoRaMac-node/src/mac/region/Region.c.obj
                0x100046c0                RegionIsActive
 .text.RegionGetPhyParam
                0x100046cc       0x78 CMakeFiles/easynode.dir/pico-lorawan/lib/LoRaMac-node/src/mac/region/Region.c.obj
                0x100046cc                RegionGetPhyParam
 .text.RegionSetBandTxDone
                0x10004744       0x54 CMakeFiles/easynode.dir/pico-lorawan/lib/LoRaMac-node/src/mac/region/Region.c.obj
                0x10004744                RegionSetBandTxDone
 .text.RegionInitDefaults
                0x10004798       0x54 CMakeFiles/easynode.dir/pico-lorawan/lib/LoRaMac-node/src/mac/region/Region.c.obj
                0x10004798                RegionInitDefaults
 .text.RegionVerify
                0x100047ec       0x58 CMakeFiles/easynode.dir/pico-lorawan/lib/LoRaMac-node/src/mac/region/Region.c.obj
                0x100047ec                RegionVerify
 .text.RegionApplyCFList
                0x10004844       0x54 CMakeFiles/easynode.dir/pico-lorawan/lib/LoRaMac-node/src/mac/region/Region.c.obj
                0x10004844                RegionApplyCFList
 .text.RegionChanMaskSet
                0x10004898       0x58 CMakeFiles/easynode.dir/pico-lorawan/lib/LoRaMac-node/src/mac/region/Region.c.obj
                0x10004898                RegionChanMaskSet
 .text.RegionComputeRxWindowParameters
                0x100048f0       0x6c CMakeFiles/easynode.dir/pico-lorawan/lib/LoRaMac-node/src/mac/region/Region.c.obj
                0x100048f0                RegionComputeRxWindowParameters
 .text.RegionRxConfig
                0x1000495c       0x58 CMakeFiles/easynode.dir/pico-lorawan/lib/LoRaMac-node/src/mac/region/Region.c.obj
                0x1000495c                RegionRxConfig
 .text.RegionTxConfig
                0x100049b4       0x5c CMakeFiles/easynode.dir/pico-lorawan/lib/LoRaMac-node/src/mac/region/Region.c.obj
                0x100049b4                RegionTxConfig
 .text.RegionLinkAdrReq
                0x10004a10       0x9c CMakeFiles/easynode.dir/pico-lorawan/lib/LoRaMac-node/src/mac/region/Region.c.obj
                0x10004a10                RegionLinkAdrReq
 .text.RegionRxParamSetupReq
                0x10004aac       0x58 CMakeFiles/easynode.dir/pico-lorawan/lib/LoRaMac-node/src/mac/region/Region.c.obj
                0x10004aac                RegionRxParamSetupReq
 .text.RegionNewChannelReq
                0x10004b04       0x58 CMakeFiles/easynode.dir/pico-lorawan/lib/LoRaMac-node/src/mac/region/Region.c.obj
                0x10004b04                RegionNewChannelReq
 .text.RegionTxParamSetupReq
                0x10004b5c       0x58 CMakeFiles/easynode.dir/pico-lorawan/lib/LoRaMac-node/src/mac/region/Region.c.obj
                0x10004b5c                RegionTxParamSetupReq
 .text.RegionDlChannelReq
                0x10004bb4       0x58 CMakeFiles/easynode.dir/pico-lorawan/lib/LoRaMac-node/src/mac/region/Region.c.obj
                0x10004bb4                RegionDlChannelReq
 .text.RegionAlternateDr
                0x10004c0c       0x58 CMakeFiles/easynode.dir/pico-lorawan/lib/LoRaMac-node/src/mac/region/Region.c.obj
                0x10004c0c                RegionAlternateDr
 .text.RegionNextChannel
                0x10004c64       0x70 CMakeFiles/easynode.dir/pico-lorawan/lib/LoRaMac-node/src/mac/region/Region.c.obj
                0x10004c64                RegionNextChannel
 .text.RegionApplyDrOffset
                0x10004cd4       0x5c CMakeFiles/easynode.dir/pico-lorawan/lib/LoRaMac-node/src/mac/region/Region.c.obj
                0x10004cd4                RegionApplyDrOffset
 .text.RegionGetVersion
                0x10004d30        0x8 CMakeFiles/easynode.dir/pico-lorawan/lib/LoRaMac-node/src/mac/region/Region.c.obj
                0x10004d30                RegionGetVersion
 .text.VerifyRfFreq
                0x10004d38       0x2c CMakeFiles/easynode.dir/pico-lorawan/lib/LoRaMac-node/src/mac/region/RegionAS923.c.obj
 .text.GetTimeOnAir
                0x10004d64       0x6c CMakeFiles/easynode.dir/pico-lorawan/lib/LoRaMac-node/src/mac/region/RegionAS923.c.obj
 .text.RegionAS923GetPhyParam
                0x10004dd0      0x194 CMakeFiles/easynode.dir/pico-lorawan/lib/LoRaMac-node/src/mac/region/RegionAS923.c.obj
                0x10004dd0                RegionAS923GetPhyParam
 .text.RegionAS923SetBandTxDone
                0x10004f64       0x3c CMakeFiles/easynode.dir/pico-lorawan/lib/LoRaMac-node/src/mac/region/RegionAS923.c.obj
                0x10004f64                RegionAS923SetBandTxDone
 .text.RegionAS923InitDefaults
                0x10004fa0       0xb0 CMakeFiles/easynode.dir/pico-lorawan/lib/LoRaMac-node/src/mac/region/RegionAS923.c.obj
                0x10004fa0                RegionAS923InitDefaults
 .text.RegionAS923Verify
                0x10005050       0xa4 CMakeFiles/easynode.dir/pico-lorawan/lib/LoRaMac-node/src/mac/region/RegionAS923.c.obj
                0x10005050                RegionAS923Verify
 .text.RegionAS923ChanMaskSet
                0x100050f4       0x48 CMakeFiles/easynode.dir/pico-lorawan/lib/LoRaMac-node/src/mac/region/RegionAS923.c.obj
                0x100050f4                RegionAS923ChanMaskSet
 .text.RegionAS923ComputeRxWindowParameters
                0x1000513c       0x70 CMakeFiles/easynode.dir/pico-lorawan/lib/LoRaMac-node/src/mac/region/RegionAS923.c.obj
                0x1000513c                RegionAS923ComputeRxWindowParameters
 .text.RegionAS923RxConfig
                0x100051ac       0xf8 CMakeFiles/easynode.dir/pico-lorawan/lib/LoRaMac-node/src/mac/region/RegionAS923.c.obj
                0x100051ac                RegionAS923RxConfig
 .text.RegionAS923TxConfig
                0x100052a4      0x120 CMakeFiles/easynode.dir/pico-lorawan/lib/LoRaMac-node/src/mac/region/RegionAS923.c.obj
                0x100052a4                RegionAS923TxConfig
 .text.RegionAS923LinkAdrReq
                0x100053c4      0x190 CMakeFiles/easynode.dir/pico-lorawan/lib/LoRaMac-node/src/mac/region/RegionAS923.c.obj
                0x100053c4                RegionAS923LinkAdrReq
 .text.RegionAS923RxParamSetupReq
                0x10005554       0x40 CMakeFiles/easynode.dir/pico-lorawan/lib/LoRaMac-node/src/mac/region/RegionAS923.c.obj
                0x10005554                RegionAS923RxParamSetupReq
 .text.RegionAS923TxParamSetupReq
                0x10005594        0x4 CMakeFiles/easynode.dir/pico-lorawan/lib/LoRaMac-node/src/mac/region/RegionAS923.c.obj
                0x10005594                RegionAS923TxParamSetupReq
 .text.RegionAS923DlChannelReq
                0x10005598       0x44 CMakeFiles/easynode.dir/pico-lorawan/lib/LoRaMac-node/src/mac/region/RegionAS923.c.obj
                0x10005598                RegionAS923DlChannelReq
 .text.RegionAS923AlternateDr
                0x100055dc        0x4 CMakeFiles/easynode.dir/pico-lorawan/lib/LoRaMac-node/src/mac/region/RegionAS923.c.obj
                0x100055dc                RegionAS923AlternateDr
 .text.RegionAS923NextChannel
                0x100055e0      0x120 CMakeFiles/easynode.dir/pico-lorawan/lib/LoRaMac-node/src/mac/region/RegionAS923.c.obj
                0x100055e0                RegionAS923NextChannel
 .text.RegionAS923ChannelAdd
                0x10005700       0xc0 CMakeFiles/easynode.dir/pico-lorawan/lib/LoRaMac-node/src/mac/region/RegionAS923.c.obj
                0x10005700                RegionAS923ChannelAdd
 .text.RegionAS923ChannelsRemove
                0x100057c0       0x34 CMakeFiles/easynode.dir/pico-lorawan/lib/LoRaMac-node/src/mac/region/RegionAS923.c.obj
                0x100057c0                RegionAS923ChannelsRemove
 .text.RegionAS923ApplyCFList
                0x100057f4       0x7e CMakeFiles/easynode.dir/pico-lorawan/lib/LoRaMac-node/src/mac/region/RegionAS923.c.obj
                0x100057f4                RegionAS923ApplyCFList
 .text.RegionAS923NewChannelReq
                0x10005872       0x56 CMakeFiles/easynode.dir/pico-lorawan/lib/LoRaMac-node/src/mac/region/RegionAS923.c.obj
                0x10005872                RegionAS923NewChannelReq
 .text.RegionAS923ApplyDrOffset
                0x100058c8       0x24 CMakeFiles/easynode.dir/pico-lorawan/lib/LoRaMac-node/src/mac/region/RegionAS923.c.obj
                0x100058c8                RegionAS923ApplyDrOffset
 .text.VerifyRfFreq
                0x100058ec       0x54 CMakeFiles/easynode.dir/pico-lorawan/lib/LoRaMac-node/src/mac/region/RegionAU915.c.obj
 .text.GetTimeOnAir
                0x10005940       0x40 CMakeFiles/easynode.dir/pico-lorawan/lib/LoRaMac-node/src/mac/region/RegionAU915.c.obj
 .text.RegionAU915GetPhyParam
                0x10005980      0x1bc CMakeFiles/easynode.dir/pico-lorawan/lib/LoRaMac-node/src/mac/region/RegionAU915.c.obj
                0x10005980                RegionAU915GetPhyParam
 .text.RegionAU915SetBandTxDone
                0x10005b3c       0x3c CMakeFiles/easynode.dir/pico-lorawan/lib/LoRaMac-node/src/mac/region/RegionAU915.c.obj
                0x10005b3c                RegionAU915SetBandTxDone
 .text.RegionAU915InitDefaults
                0x10005b78      0x168 CMakeFiles/easynode.dir/pico-lorawan/lib/LoRaMac-node/src/mac/region/RegionAU915.c.obj
                0x10005b78                RegionAU915InitDefaults
 .text.RegionAU915Verify
                0x10005ce0       0x9c CMakeFiles/easynode.dir/pico-lorawan/lib/LoRaMac-node/src/mac/region/RegionAU915.c.obj
                0x10005ce0                RegionAU915Verify
 .text.RegionAU915ApplyCFList
                0x10005d7c       0x78 CMakeFiles/easynode.dir/pico-lorawan/lib/LoRaMac-node/src/mac/region/RegionAU915.c.obj
                0x10005d7c                RegionAU915ApplyCFList
 .text.RegionAU915ChanMaskSet
                0x10005df4       0x8c CMakeFiles/easynode.dir/pico-lorawan/lib/LoRaMac-node/src/mac/region/RegionAU915.c.obj
                0x10005df4                RegionAU915ChanMaskSet
 .text.RegionAU915ComputeRxWindowParameters
                0x10005e80       0x60 CMakeFiles/easynode.dir/pico-lorawan/lib/LoRaMac-node/src/mac/region/RegionAU915.c.obj
                0x10005e80                RegionAU915ComputeRxWindowParameters
 .text.RegionAU915RxConfig
                0x10005ee0       0xa0 CMakeFiles/easynode.dir/pico-lorawan/lib/LoRaMac-node/src/mac/region/RegionAU915.c.obj
                0x10005ee0                RegionAU915RxConfig
 .text.RegionAU915TxConfig
                0x10005f80       0xe0 CMakeFiles/easynode.dir/pico-lorawan/lib/LoRaMac-node/src/mac/region/RegionAU915.c.obj
                0x10005f80                RegionAU915TxConfig
 .text.RegionAU915LinkAdrReq
                0x10006060      0x288 CMakeFiles/easynode.dir/pico-lorawan/lib/LoRaMac-node/src/mac/region/RegionAU915.c.obj
                0x10006060                RegionAU915LinkAdrReq
 .text.RegionAU915RxParamSetupReq
                0x100062e8       0x50 CMakeFiles/easynode.dir/pico-lorawan/lib/LoRaMac-node/src/mac/region/RegionAU915.c.obj
                0x100062e8                RegionAU915RxParamSetupReq
 .text.RegionAU915NewChannelReq
                0x10006338        0x6 CMakeFiles/easynode.dir/pico-lorawan/lib/LoRaMac-node/src/mac/region/RegionAU915.c.obj
                0x10006338                RegionAU915NewChannelReq
 .text.RegionAU915TxParamSetupReq
                0x1000633e        0x4 CMakeFiles/easynode.dir/pico-lorawan/lib/LoRaMac-node/src/mac/region/RegionAU915.c.obj
                0x1000633e                RegionAU915TxParamSetupReq
 .text.RegionAU915DlChannelReq
                0x10006342        0x6 CMakeFiles/easynode.dir/pico-lorawan/lib/LoRaMac-node/src/mac/region/RegionAU915.c.obj
                0x10006342                RegionAU915DlChannelReq
 .text.RegionAU915AlternateDr
                0x10006348       0x40 CMakeFiles/easynode.dir/pico-lorawan/lib/LoRaMac-node/src/mac/region/RegionAU915.c.obj
                0x10006348                RegionAU915AlternateDr
 .text.RegionAU915NextChannel
                0x10006388      0x16c CMakeFiles/easynode.dir/pico-lorawan/lib/LoRaMac-node/src/mac/region/RegionAU915.c.obj
                0x10006388                RegionAU915NextChannel
 .text.RegionAU915ApplyDrOffset
                0x100064f4       0x28 CMakeFiles/easynode.dir/pico-lorawan/lib/LoRaMac-node/src/mac/region/RegionAU915.c.obj
                0x100064f4                RegionAU915ApplyDrOffset
 .text.FindAvailable125kHzChannels
                0x1000651c       0x38 CMakeFiles/easynode.dir/pico-lorawan/lib/LoRaMac-node/src/mac/region/RegionBaseUS.c.obj
 .text.RegionBaseUSComputeNext125kHzJoinChannel
                0x10006554       0x9c CMakeFiles/easynode.dir/pico-lorawan/lib/LoRaMac-node/src/mac/region/RegionBaseUS.c.obj
                0x10006554                RegionBaseUSComputeNext125kHzJoinChannel
 .text.RegionBaseUSVerifyFrequencyGroup
                0x100065f0       0x26 CMakeFiles/easynode.dir/pico-lorawan/lib/LoRaMac-node/src/mac/region/RegionBaseUS.c.obj
                0x100065f0                RegionBaseUSVerifyFrequencyGroup
 .text.RegionBaseUSCalcDownlinkFrequency
                0x10006616        0x6 CMakeFiles/easynode.dir/pico-lorawan/lib/LoRaMac-node/src/mac/region/RegionBaseUS.c.obj
                0x10006616                RegionBaseUSCalcDownlinkFrequency
 .text.ApplyChannelPlanConfig
                0x1000661c      0x17c CMakeFiles/easynode.dir/pico-lorawan/lib/LoRaMac-node/src/mac/region/RegionCN470.c.obj
 .text.IdentifyChannelPlan
                0x10006798       0x34 CMakeFiles/easynode.dir/pico-lorawan/lib/LoRaMac-node/src/mac/region/RegionCN470.c.obj
 .text.VerifyRfFreq
                0x100067cc       0x20 CMakeFiles/easynode.dir/pico-lorawan/lib/LoRaMac-node/src/mac/region/RegionCN470.c.obj
 .text.GetTimeOnAir
                0x100067ec       0x40 CMakeFiles/easynode.dir/pico-lorawan/lib/LoRaMac-node/src/mac/region/RegionCN470.c.obj
 .text.RegionCN470GetPhyParam
                0x1000682c      0x21c CMakeFiles/easynode.dir/pico-lorawan/lib/LoRaMac-node/src/mac/region/RegionCN470.c.obj
                0x1000682c                RegionCN470GetPhyParam
 .text.RegionCN470SetBandTxDone
                0x10006a48       0x3c CMakeFiles/easynode.dir/pico-lorawan/lib/LoRaMac-node/src/mac/region/RegionCN470.c.obj
                0x10006a48                RegionCN470SetBandTxDone
 .text.RegionCN470InitDefaults
                0x10006a84      0x10c CMakeFiles/easynode.dir/pico-lorawan/lib/LoRaMac-node/src/mac/region/RegionCN470.c.obj
                0x10006a84                RegionCN470InitDefaults
 .text.RegionCN470Verify
                0x10006b90       0x68 CMakeFiles/easynode.dir/pico-lorawan/lib/LoRaMac-node/src/mac/region/RegionCN470.c.obj
                0x10006b90                RegionCN470Verify
 .text.RegionCN470ApplyCFList
                0x10006bf8       0x9c CMakeFiles/easynode.dir/pico-lorawan/lib/LoRaMac-node/src/mac/region/RegionCN470.c.obj
                0x10006bf8                RegionCN470ApplyCFList
 .text.RegionCN470ChanMaskSet
                0x10006c94       0x74 CMakeFiles/easynode.dir/pico-lorawan/lib/LoRaMac-node/src/mac/region/RegionCN470.c.obj
                0x10006c94                RegionCN470ChanMaskSet
 .text.RegionCN470ComputeRxWindowParameters
                0x10006d08       0x60 CMakeFiles/easynode.dir/pico-lorawan/lib/LoRaMac-node/src/mac/region/RegionCN470.c.obj
                0x10006d08                RegionCN470ComputeRxWindowParameters
 .text.RegionCN470RxConfig
                0x10006d68       0xd4 CMakeFiles/easynode.dir/pico-lorawan/lib/LoRaMac-node/src/mac/region/RegionCN470.c.obj
                0x10006d68                RegionCN470RxConfig
 .text.RegionCN470TxConfig
                0x10006e3c      0x120 CMakeFiles/easynode.dir/pico-lorawan/lib/LoRaMac-node/src/mac/region/RegionCN470.c.obj
                0x10006e3c                RegionCN470TxConfig
 .text.RegionCN470LinkAdrReq
                0x10006f5c      0x1a4 CMakeFiles/easynode.dir/pico-lorawan/lib/LoRaMac-node/src/mac/region/RegionCN470.c.obj
                0x10006f5c                RegionCN470LinkAdrReq
 .text.RegionCN470RxParamSetupReq
                0x10007100       0x40 CMakeFiles/easynode.dir/pico-lorawan/lib/LoRaMac-node/src/mac/region/RegionCN470.c.obj
                0x10007100                RegionCN470RxParamSetupReq
 .text.RegionCN470NewChannelReq
                0x10007140        0x6 CMakeFiles/easynode.dir/pico-lorawan/lib/LoRaMac-node/src/mac/region/RegionCN470.c.obj
                0x10007140                RegionCN470NewChannelReq
 .text.RegionCN470TxParamSetupReq
                0x10007146        0x6 CMakeFiles/easynode.dir/pico-lorawan/lib/LoRaMac-node/src/mac/region/RegionCN470.c.obj
                0x10007146                RegionCN470TxParamSetupReq
 .text.RegionCN470DlChannelReq
                0x1000714c        0x6 CMakeFiles/easynode.dir/pico-lorawan/lib/LoRaMac-node/src/mac/region/RegionCN470.c.obj
                0x1000714c                RegionCN470DlChannelReq
 .text.RegionCN470AlternateDr
                0x10007152        0x2 CMakeFiles/easynode.dir/pico-lorawan/lib/LoRaMac-node/src/mac/region/RegionCN470.c.obj
                0x10007152                RegionCN470AlternateDr
 .text.RegionCN470NextChannel
                0x10007154      0x160 CMakeFiles/easynode.dir/pico-lorawan/lib/LoRaMac-node/src/mac/region/RegionCN470.c.obj
                0x10007154                RegionCN470NextChannel
 .text.RegionCN470ApplyDrOffset
                0x100072b4       0x20 CMakeFiles/easynode.dir/pico-lorawan/lib/LoRaMac-node/src/mac/region/RegionCN470.c.obj
                0x100072b4                RegionCN470ApplyDrOffset
 .text.RegionCN470A20GetBeaconChannelOffset
                0x100072d4        0x6 CMakeFiles/easynode.dir/pico-lorawan/lib/LoRaMac-node/src/mac/region/RegionCN470A20.c.obj
                0x100072d4                RegionCN470A20GetBeaconChannelOffset
 .text.RegionCN470A20LinkAdrChMaskUpdate
                0x100072da       0x72 CMakeFiles/easynode.dir/pico-lorawan/lib/LoRaMac-node/src/mac/region/RegionCN470A20.c.obj
                0x100072da                RegionCN470A20LinkAdrChMaskUpdate
 .text.RegionCN470A20VerifyRfFreq
                0x1000734c       0x1c CMakeFiles/easynode.dir/pico-lorawan/lib/LoRaMac-node/src/mac/region/RegionCN470A20.c.obj
                0x1000734c                RegionCN470A20VerifyRfFreq
 .text.RegionCN470A20InitializeChannels
                0x10007368       0x64 CMakeFiles/easynode.dir/pico-lorawan/lib/LoRaMac-node/src/mac/region/RegionCN470A20.c.obj
                0x10007368                RegionCN470A20InitializeChannels
 .text.RegionCN470A20InitializeChannelsMask
                0x100073cc       0x14 CMakeFiles/easynode.dir/pico-lorawan/lib/LoRaMac-node/src/mac/region/RegionCN470A20.c.obj
                0x100073cc                RegionCN470A20InitializeChannelsMask
 .text.RegionCN470A20GetRx1Frequency
                0x100073e0       0x24 CMakeFiles/easynode.dir/pico-lorawan/lib/LoRaMac-node/src/mac/region/RegionCN470A20.c.obj
                0x100073e0                RegionCN470A20GetRx1Frequency
 .text.RegionCN470A20GetDownlinkFrequency
                0x10007404        0x8 CMakeFiles/easynode.dir/pico-lorawan/lib/LoRaMac-node/src/mac/region/RegionCN470A20.c.obj
                0x10007404                RegionCN470A20GetDownlinkFrequency
 .text.RegionCN470A20GetRx2Frequency
                0x1000740c       0x30 CMakeFiles/easynode.dir/pico-lorawan/lib/LoRaMac-node/src/mac/region/RegionCN470A20.c.obj
                0x1000740c                RegionCN470A20GetRx2Frequency
 .text.RegionCN470A26GetDownlinkFrequency
                0x1000743c        0x8 CMakeFiles/easynode.dir/pico-lorawan/lib/LoRaMac-node/src/mac/region/RegionCN470A26.c.obj
                0x1000743c                RegionCN470A26GetDownlinkFrequency
 .text.RegionCN470A26GetBeaconChannelOffset
                0x10007444        0x4 CMakeFiles/easynode.dir/pico-lorawan/lib/LoRaMac-node/src/mac/region/RegionCN470A26.c.obj
                0x10007444                RegionCN470A26GetBeaconChannelOffset
 .text.RegionCN470A26LinkAdrChMaskUpdate
                0x10007448       0x72 CMakeFiles/easynode.dir/pico-lorawan/lib/LoRaMac-node/src/mac/region/RegionCN470A26.c.obj
                0x10007448                RegionCN470A26LinkAdrChMaskUpdate
 *fill*         0x100074ba        0x2 
 .text.RegionCN470A26VerifyRfFreq
                0x100074bc       0x1c CMakeFiles/easynode.dir/pico-lorawan/lib/LoRaMac-node/src/mac/region/RegionCN470A26.c.obj
                0x100074bc                RegionCN470A26VerifyRfFreq
 .text.RegionCN470A26InitializeChannels
                0x100074d8       0x34 CMakeFiles/easynode.dir/pico-lorawan/lib/LoRaMac-node/src/mac/region/RegionCN470A26.c.obj
                0x100074d8                RegionCN470A26InitializeChannels
 .text.RegionCN470A26InitializeChannelsMask
                0x1000750c       0x14 CMakeFiles/easynode.dir/pico-lorawan/lib/LoRaMac-node/src/mac/region/RegionCN470A26.c.obj
                0x1000750c                RegionCN470A26InitializeChannelsMask
 .text.RegionCN470A26GetRx1Frequency
                0x10007520       0x20 CMakeFiles/easynode.dir/pico-lorawan/lib/LoRaMac-node/src/mac/region/RegionCN470A26.c.obj
                0x10007520                RegionCN470A26GetRx1Frequency
 .text.RegionCN470A26GetRx2Frequency
                0x10007540        0x8 CMakeFiles/easynode.dir/pico-lorawan/lib/LoRaMac-node/src/mac/region/RegionCN470A26.c.obj
                0x10007540                RegionCN470A26GetRx2Frequency
 .text.RegionCN470B20GetBeaconChannelOffset
                0x10007548        0x8 CMakeFiles/easynode.dir/pico-lorawan/lib/LoRaMac-node/src/mac/region/RegionCN470B20.c.obj
                0x10007548                RegionCN470B20GetBeaconChannelOffset
 .text.RegionCN470B20LinkAdrChMaskUpdate
                0x10007550        0x8 CMakeFiles/easynode.dir/pico-lorawan/lib/LoRaMac-node/src/mac/region/RegionCN470B20.c.obj
                0x10007550                RegionCN470B20LinkAdrChMaskUpdate
 .text.RegionCN470B20VerifyRfFreq
                0x10007558       0x3c CMakeFiles/easynode.dir/pico-lorawan/lib/LoRaMac-node/src/mac/region/RegionCN470B20.c.obj
                0x10007558                RegionCN470B20VerifyRfFreq
 .text.RegionCN470B20InitializeChannels
                0x10007594       0x64 CMakeFiles/easynode.dir/pico-lorawan/lib/LoRaMac-node/src/mac/region/RegionCN470B20.c.obj
                0x10007594                RegionCN470B20InitializeChannels
 .text.RegionCN470B20InitializeChannelsMask
                0x100075f8        0x8 CMakeFiles/easynode.dir/pico-lorawan/lib/LoRaMac-node/src/mac/region/RegionCN470B20.c.obj
                0x100075f8                RegionCN470B20InitializeChannelsMask
 .text.RegionCN470B20GetRx1Frequency
                0x10007600       0x24 CMakeFiles/easynode.dir/pico-lorawan/lib/LoRaMac-node/src/mac/region/RegionCN470B20.c.obj
                0x10007600                RegionCN470B20GetRx1Frequency
 .text.RegionCN470B20GetDownlinkFrequency
                0x10007624       0x20 CMakeFiles/easynode.dir/pico-lorawan/lib/LoRaMac-node/src/mac/region/RegionCN470B20.c.obj
                0x10007624                RegionCN470B20GetDownlinkFrequency
 .text.RegionCN470B20GetRx2Frequency
                0x10007644       0x28 CMakeFiles/easynode.dir/pico-lorawan/lib/LoRaMac-node/src/mac/region/RegionCN470B20.c.obj
                0x10007644                RegionCN470B20GetRx2Frequency
 .text.RegionCN470B26GetDownlinkFrequency
                0x1000766c        0x8 CMakeFiles/easynode.dir/pico-lorawan/lib/LoRaMac-node/src/mac/region/RegionCN470B26.c.obj
                0x1000766c                RegionCN470B26GetDownlinkFrequency
 .text.RegionCN470B26GetBeaconChannelOffset
                0x10007674        0x4 CMakeFiles/easynode.dir/pico-lorawan/lib/LoRaMac-node/src/mac/region/RegionCN470B26.c.obj
                0x10007674                RegionCN470B26GetBeaconChannelOffset
 .text.RegionCN470B26LinkAdrChMaskUpdate
                0x10007678        0x8 CMakeFiles/easynode.dir/pico-lorawan/lib/LoRaMac-node/src/mac/region/RegionCN470B26.c.obj
                0x10007678                RegionCN470B26LinkAdrChMaskUpdate
 .text.RegionCN470B26VerifyRfFreq
                0x10007680       0x1c CMakeFiles/easynode.dir/pico-lorawan/lib/LoRaMac-node/src/mac/region/RegionCN470B26.c.obj
                0x10007680                RegionCN470B26VerifyRfFreq
 .text.RegionCN470B26InitializeChannels
                0x1000769c       0x34 CMakeFiles/easynode.dir/pico-lorawan/lib/LoRaMac-node/src/mac/region/RegionCN470B26.c.obj
                0x1000769c                RegionCN470B26InitializeChannels
 .text.RegionCN470B26InitializeChannelsMask
                0x100076d0        0x8 CMakeFiles/easynode.dir/pico-lorawan/lib/LoRaMac-node/src/mac/region/RegionCN470B26.c.obj
                0x100076d0                RegionCN470B26InitializeChannelsMask
 .text.RegionCN470B26GetRx1Frequency
                0x100076d8       0x20 CMakeFiles/easynode.dir/pico-lorawan/lib/LoRaMac-node/src/mac/region/RegionCN470B26.c.obj
                0x100076d8                RegionCN470B26GetRx1Frequency
 .text.RegionCN470B26GetRx2Frequency
                0x100076f8        0x8 CMakeFiles/easynode.dir/pico-lorawan/lib/LoRaMac-node/src/mac/region/RegionCN470B26.c.obj
                0x100076f8                RegionCN470B26GetRx2Frequency
 .text.VerifyRfFreq
                0x10007700       0x2c CMakeFiles/easynode.dir/pico-lorawan/lib/LoRaMac-node/src/mac/region/RegionCN779.c.obj
 .text.GetTimeOnAir
                0x1000772c       0x6c CMakeFiles/easynode.dir/pico-lorawan/lib/LoRaMac-node/src/mac/region/RegionCN779.c.obj
 .text.RegionCN779GetPhyParam
                0x10007798      0x154 CMakeFiles/easynode.dir/pico-lorawan/lib/LoRaMac-node/src/mac/region/RegionCN779.c.obj
                0x10007798                RegionCN779GetPhyParam
 .text.RegionCN779SetBandTxDone
                0x100078ec       0x3c CMakeFiles/easynode.dir/pico-lorawan/lib/LoRaMac-node/src/mac/region/RegionCN779.c.obj
                0x100078ec                RegionCN779SetBandTxDone
 .text.RegionCN779InitDefaults
                0x10007928       0xc0 CMakeFiles/easynode.dir/pico-lorawan/lib/LoRaMac-node/src/mac/region/RegionCN779.c.obj
                0x10007928                RegionCN779InitDefaults
 .text.RegionCN779Verify
                0x100079e8       0x74 CMakeFiles/easynode.dir/pico-lorawan/lib/LoRaMac-node/src/mac/region/RegionCN779.c.obj
                0x100079e8                RegionCN779Verify
 .text.RegionCN779ChanMaskSet
                0x10007a5c       0x48 CMakeFiles/easynode.dir/pico-lorawan/lib/LoRaMac-node/src/mac/region/RegionCN779.c.obj
                0x10007a5c                RegionCN779ChanMaskSet
 .text.RegionCN779ComputeRxWindowParameters
                0x10007aa4       0x70 CMakeFiles/easynode.dir/pico-lorawan/lib/LoRaMac-node/src/mac/region/RegionCN779.c.obj
                0x10007aa4                RegionCN779ComputeRxWindowParameters
 .text.RegionCN779RxConfig
                0x10007b14       0xf8 CMakeFiles/easynode.dir/pico-lorawan/lib/LoRaMac-node/src/mac/region/RegionCN779.c.obj
                0x10007b14                RegionCN779RxConfig
 .text.RegionCN779TxConfig
                0x10007c0c      0x120 CMakeFiles/easynode.dir/pico-lorawan/lib/LoRaMac-node/src/mac/region/RegionCN779.c.obj
                0x10007c0c                RegionCN779TxConfig
 .text.RegionCN779LinkAdrReq
                0x10007d2c      0x190 CMakeFiles/easynode.dir/pico-lorawan/lib/LoRaMac-node/src/mac/region/RegionCN779.c.obj
                0x10007d2c                RegionCN779LinkAdrReq
 .text.RegionCN779RxParamSetupReq
                0x10007ebc       0x40 CMakeFiles/easynode.dir/pico-lorawan/lib/LoRaMac-node/src/mac/region/RegionCN779.c.obj
                0x10007ebc                RegionCN779RxParamSetupReq
 .text.RegionCN779TxParamSetupReq
                0x10007efc        0x6 CMakeFiles/easynode.dir/pico-lorawan/lib/LoRaMac-node/src/mac/region/RegionCN779.c.obj
                0x10007efc                RegionCN779TxParamSetupReq
 *fill*         0x10007f02        0x2 
 .text.RegionCN779DlChannelReq
                0x10007f04       0x44 CMakeFiles/easynode.dir/pico-lorawan/lib/LoRaMac-node/src/mac/region/RegionCN779.c.obj
                0x10007f04                RegionCN779DlChannelReq
 .text.RegionCN779AlternateDr
                0x10007f48        0x2 CMakeFiles/easynode.dir/pico-lorawan/lib/LoRaMac-node/src/mac/region/RegionCN779.c.obj
                0x10007f48                RegionCN779AlternateDr
 *fill*         0x10007f4a        0x2 
 .text.RegionCN779NextChannel
                0x10007f4c      0x120 CMakeFiles/easynode.dir/pico-lorawan/lib/LoRaMac-node/src/mac/region/RegionCN779.c.obj
                0x10007f4c                RegionCN779NextChannel
 .text.RegionCN779ChannelAdd
                0x1000806c       0xc0 CMakeFiles/easynode.dir/pico-lorawan/lib/LoRaMac-node/src/mac/region/RegionCN779.c.obj
                0x1000806c                RegionCN779ChannelAdd
 .text.RegionCN779ChannelsRemove
                0x1000812c       0x34 CMakeFiles/easynode.dir/pico-lorawan/lib/LoRaMac-node/src/mac/region/RegionCN779.c.obj
                0x1000812c                RegionCN779ChannelsRemove
 .text.RegionCN779ApplyCFList
                0x10008160       0x7e CMakeFiles/easynode.dir/pico-lorawan/lib/LoRaMac-node/src/mac/region/RegionCN779.c.obj
                0x10008160                RegionCN779ApplyCFList
 .text.RegionCN779NewChannelReq
                0x100081de       0x56 CMakeFiles/easynode.dir/pico-lorawan/lib/LoRaMac-node/src/mac/region/RegionCN779.c.obj
                0x100081de                RegionCN779NewChannelReq
 .text.RegionCN779ApplyDrOffset
                0x10008234       0x10 CMakeFiles/easynode.dir/pico-lorawan/lib/LoRaMac-node/src/mac/region/RegionCN779.c.obj
                0x10008234                RegionCN779ApplyDrOffset
 .text.GetDutyCycle
                0x10008244       0x44 CMakeFiles/easynode.dir/pico-lorawan/lib/LoRaMac-node/src/mac/region/RegionCommon.c.obj
 .text.CountChannels
                0x10008288       0x26 CMakeFiles/easynode.dir/pico-lorawan/lib/LoRaMac-node/src/mac/region/RegionCommon.c.obj
 *fill*         0x100082ae        0x2 
 .text.SetMaxTimeCredits
                0x100082b0      0x114 CMakeFiles/easynode.dir/pico-lorawan/lib/LoRaMac-node/src/mac/region/RegionCommon.c.obj
 .text.UpdateTimeCredits
                0x100083c4       0x3c CMakeFiles/easynode.dir/pico-lorawan/lib/LoRaMac-node/src/mac/region/RegionCommon.c.obj
 .text.RegionCommonValueInRange
                0x10008400       0x14 CMakeFiles/easynode.dir/pico-lorawan/lib/LoRaMac-node/src/mac/region/RegionCommon.c.obj
                0x10008400                RegionCommonValueInRange
 .text.RegionCommonChanVerifyDr
                0x10008414       0x88 CMakeFiles/easynode.dir/pico-lorawan/lib/LoRaMac-node/src/mac/region/RegionCommon.c.obj
                0x10008414                RegionCommonChanVerifyDr
 .text.RegionCommonChanDisable
                0x1000849c       0x2e CMakeFiles/easynode.dir/pico-lorawan/lib/LoRaMac-node/src/mac/region/RegionCommon.c.obj
                0x1000849c                RegionCommonChanDisable
 .text.RegionCommonCountChannels
                0x100084ca       0x2e CMakeFiles/easynode.dir/pico-lorawan/lib/LoRaMac-node/src/mac/region/RegionCommon.c.obj
                0x100084ca                RegionCommonCountChannels
 .text.RegionCommonChanMaskCopy
                0x100084f8       0x1e CMakeFiles/easynode.dir/pico-lorawan/lib/LoRaMac-node/src/mac/region/RegionCommon.c.obj
                0x100084f8                RegionCommonChanMaskCopy
 .text.RegionCommonSetBandTxDone
                0x10008516       0x2e CMakeFiles/easynode.dir/pico-lorawan/lib/LoRaMac-node/src/mac/region/RegionCommon.c.obj
                0x10008516                RegionCommonSetBandTxDone
 .text.RegionCommonUpdateBandTimeOff
                0x10008544      0x128 CMakeFiles/easynode.dir/pico-lorawan/lib/LoRaMac-node/src/mac/region/RegionCommon.c.obj
                0x10008544                RegionCommonUpdateBandTimeOff
 .text.RegionCommonParseLinkAdrReq
                0x1000866c       0x3e CMakeFiles/easynode.dir/pico-lorawan/lib/LoRaMac-node/src/mac/region/RegionCommon.c.obj
                0x1000866c                RegionCommonParseLinkAdrReq
 .text.RegionCommonLinkAdrReqVerifyParams
                0x100086aa       0xc2 CMakeFiles/easynode.dir/pico-lorawan/lib/LoRaMac-node/src/mac/region/RegionCommon.c.obj
                0x100086aa                RegionCommonLinkAdrReqVerifyParams
 .text.RegionCommonComputeSymbolTimeLoRa
                0x1000876c       0x14 CMakeFiles/easynode.dir/pico-lorawan/lib/LoRaMac-node/src/mac/region/RegionCommon.c.obj
                0x1000876c                RegionCommonComputeSymbolTimeLoRa
 .text.RegionCommonComputeSymbolTimeFsk
                0x10008780        0xe CMakeFiles/easynode.dir/pico-lorawan/lib/LoRaMac-node/src/mac/region/RegionCommon.c.obj
                0x10008780                RegionCommonComputeSymbolTimeFsk
 *fill*         0x1000878e        0x2 
 .text.RegionCommonComputeRxWindowParameters
                0x10008790       0x7c CMakeFiles/easynode.dir/pico-lorawan/lib/LoRaMac-node/src/mac/region/RegionCommon.c.obj
                0x10008790                RegionCommonComputeRxWindowParameters
 .text.RegionCommonComputeTxPower
                0x1000880c       0x2a CMakeFiles/easynode.dir/pico-lorawan/lib/LoRaMac-node/src/mac/region/RegionCommon.c.obj
                0x1000880c                RegionCommonComputeTxPower
 .text.RegionCommonCountNbOfEnabledChannels
                0x10008836       0xda CMakeFiles/easynode.dir/pico-lorawan/lib/LoRaMac-node/src/mac/region/RegionCommon.c.obj
                0x10008836                RegionCommonCountNbOfEnabledChannels
 .text.RegionCommonIdentifyChannels
                0x10008910       0x9e CMakeFiles/easynode.dir/pico-lorawan/lib/LoRaMac-node/src/mac/region/RegionCommon.c.obj
                0x10008910                RegionCommonIdentifyChannels
 .text.RegionCommonGetNextLowerTxDr
                0x100089ae       0x3e CMakeFiles/easynode.dir/pico-lorawan/lib/LoRaMac-node/src/mac/region/RegionCommon.c.obj
                0x100089ae                RegionCommonGetNextLowerTxDr
 .text.RegionCommonLimitTxPower
                0x100089ec        0xc CMakeFiles/easynode.dir/pico-lorawan/lib/LoRaMac-node/src/mac/region/RegionCommon.c.obj
                0x100089ec                RegionCommonLimitTxPower
 .text.RegionCommonGetBandwidth
                0x100089f8       0x24 CMakeFiles/easynode.dir/pico-lorawan/lib/LoRaMac-node/src/mac/region/RegionCommon.c.obj
                0x100089f8                RegionCommonGetBandwidth
 .text.VerifyRfFreq
                0x10008a1c       0x2c CMakeFiles/easynode.dir/pico-lorawan/lib/LoRaMac-node/src/mac/region/RegionEU433.c.obj
 .text.GetTimeOnAir
                0x10008a48       0x6c CMakeFiles/easynode.dir/pico-lorawan/lib/LoRaMac-node/src/mac/region/RegionEU433.c.obj
 .text.RegionEU433GetPhyParam
                0x10008ab4      0x150 CMakeFiles/easynode.dir/pico-lorawan/lib/LoRaMac-node/src/mac/region/RegionEU433.c.obj
                0x10008ab4                RegionEU433GetPhyParam
 .text.RegionEU433SetBandTxDone
                0x10008c04       0x3c CMakeFiles/easynode.dir/pico-lorawan/lib/LoRaMac-node/src/mac/region/RegionEU433.c.obj
                0x10008c04                RegionEU433SetBandTxDone
 .text.RegionEU433InitDefaults
                0x10008c40       0xc0 CMakeFiles/easynode.dir/pico-lorawan/lib/LoRaMac-node/src/mac/region/RegionEU433.c.obj
                0x10008c40                RegionEU433InitDefaults
 .text.RegionEU433Verify
                0x10008d00       0x74 CMakeFiles/easynode.dir/pico-lorawan/lib/LoRaMac-node/src/mac/region/RegionEU433.c.obj
                0x10008d00                RegionEU433Verify
 .text.RegionEU433ChanMaskSet
                0x10008d74       0x48 CMakeFiles/easynode.dir/pico-lorawan/lib/LoRaMac-node/src/mac/region/RegionEU433.c.obj
                0x10008d74                RegionEU433ChanMaskSet
 .text.RegionEU433ComputeRxWindowParameters
                0x10008dbc       0x70 CMakeFiles/easynode.dir/pico-lorawan/lib/LoRaMac-node/src/mac/region/RegionEU433.c.obj
                0x10008dbc                RegionEU433ComputeRxWindowParameters
 .text.RegionEU433RxConfig
                0x10008e2c       0xf8 CMakeFiles/easynode.dir/pico-lorawan/lib/LoRaMac-node/src/mac/region/RegionEU433.c.obj
                0x10008e2c                RegionEU433RxConfig
 .text.RegionEU433TxConfig
                0x10008f24      0x120 CMakeFiles/easynode.dir/pico-lorawan/lib/LoRaMac-node/src/mac/region/RegionEU433.c.obj
                0x10008f24                RegionEU433TxConfig
 .text.RegionEU433LinkAdrReq
                0x10009044      0x190 CMakeFiles/easynode.dir/pico-lorawan/lib/LoRaMac-node/src/mac/region/RegionEU433.c.obj
                0x10009044                RegionEU433LinkAdrReq
 .text.RegionEU433RxParamSetupReq
                0x100091d4       0x40 CMakeFiles/easynode.dir/pico-lorawan/lib/LoRaMac-node/src/mac/region/RegionEU433.c.obj
                0x100091d4                RegionEU433RxParamSetupReq
 .text.RegionEU433TxParamSetupReq
                0x10009214        0x6 CMakeFiles/easynode.dir/pico-lorawan/lib/LoRaMac-node/src/mac/region/RegionEU433.c.obj
                0x10009214                RegionEU433TxParamSetupReq
 *fill*         0x1000921a        0x2 
 .text.RegionEU433DlChannelReq
                0x1000921c       0x44 CMakeFiles/easynode.dir/pico-lorawan/lib/LoRaMac-node/src/mac/region/RegionEU433.c.obj
                0x1000921c                RegionEU433DlChannelReq
 .text.RegionEU433AlternateDr
                0x10009260        0x2 CMakeFiles/easynode.dir/pico-lorawan/lib/LoRaMac-node/src/mac/region/RegionEU433.c.obj
                0x10009260                RegionEU433AlternateDr
 *fill*         0x10009262        0x2 
 .text.RegionEU433NextChannel
                0x10009264      0x120 CMakeFiles/easynode.dir/pico-lorawan/lib/LoRaMac-node/src/mac/region/RegionEU433.c.obj
                0x10009264                RegionEU433NextChannel
 .text.RegionEU433ChannelAdd
                0x10009384       0xc0 CMakeFiles/easynode.dir/pico-lorawan/lib/LoRaMac-node/src/mac/region/RegionEU433.c.obj
                0x10009384                RegionEU433ChannelAdd
 .text.RegionEU433ChannelsRemove
                0x10009444       0x34 CMakeFiles/easynode.dir/pico-lorawan/lib/LoRaMac-node/src/mac/region/RegionEU433.c.obj
                0x10009444                RegionEU433ChannelsRemove
 .text.RegionEU433ApplyCFList
                0x10009478       0x7e CMakeFiles/easynode.dir/pico-lorawan/lib/LoRaMac-node/src/mac/region/RegionEU433.c.obj
                0x10009478                RegionEU433ApplyCFList
 .text.RegionEU433NewChannelReq
                0x100094f6       0x56 CMakeFiles/easynode.dir/pico-lorawan/lib/LoRaMac-node/src/mac/region/RegionEU433.c.obj
                0x100094f6                RegionEU433NewChannelReq
 .text.RegionEU433ApplyDrOffset
                0x1000954c       0x10 CMakeFiles/easynode.dir/pico-lorawan/lib/LoRaMac-node/src/mac/region/RegionEU433.c.obj
                0x1000954c                RegionEU433ApplyDrOffset
 .text.VerifyRfFreq
                0x1000955c       0xac CMakeFiles/easynode.dir/pico-lorawan/lib/LoRaMac-node/src/mac/region/RegionEU868.c.obj
 .text.GetTimeOnAir
                0x10009608       0x6c CMakeFiles/easynode.dir/pico-lorawan/lib/LoRaMac-node/src/mac/region/RegionEU868.c.obj
 .text.RegionEU868GetPhyParam
                0x10009674      0x150 CMakeFiles/easynode.dir/pico-lorawan/lib/LoRaMac-node/src/mac/region/RegionEU868.c.obj
                0x10009674                RegionEU868GetPhyParam
 .text.RegionEU868SetBandTxDone
                0x100097c4       0x3c CMakeFiles/easynode.dir/pico-lorawan/lib/LoRaMac-node/src/mac/region/RegionEU868.c.obj
                0x100097c4                RegionEU868SetBandTxDone
 .text.RegionEU868InitDefaults
                0x10009800       0xd4 CMakeFiles/easynode.dir/pico-lorawan/lib/LoRaMac-node/src/mac/region/RegionEU868.c.obj
                0x10009800                RegionEU868InitDefaults
 .text.RegionEU868Verify
                0x100098d4       0x80 CMakeFiles/easynode.dir/pico-lorawan/lib/LoRaMac-node/src/mac/region/RegionEU868.c.obj
                0x100098d4                RegionEU868Verify
 .text.RegionEU868ChanMaskSet
                0x10009954       0x48 CMakeFiles/easynode.dir/pico-lorawan/lib/LoRaMac-node/src/mac/region/RegionEU868.c.obj
                0x10009954                RegionEU868ChanMaskSet
 .text.RegionEU868ComputeRxWindowParameters
                0x1000999c       0x70 CMakeFiles/easynode.dir/pico-lorawan/lib/LoRaMac-node/src/mac/region/RegionEU868.c.obj
                0x1000999c                RegionEU868ComputeRxWindowParameters
 .text.RegionEU868RxConfig
                0x10009a0c       0xf8 CMakeFiles/easynode.dir/pico-lorawan/lib/LoRaMac-node/src/mac/region/RegionEU868.c.obj
                0x10009a0c                RegionEU868RxConfig
 .text.RegionEU868TxConfig
                0x10009b04      0x120 CMakeFiles/easynode.dir/pico-lorawan/lib/LoRaMac-node/src/mac/region/RegionEU868.c.obj
                0x10009b04                RegionEU868TxConfig
 .text.RegionEU868LinkAdrReq
                0x10009c24      0x190 CMakeFiles/easynode.dir/pico-lorawan/lib/LoRaMac-node/src/mac/region/RegionEU868.c.obj
                0x10009c24                RegionEU868LinkAdrReq
 .text.RegionEU868RxParamSetupReq
                0x10009db4       0x4c CMakeFiles/easynode.dir/pico-lorawan/lib/LoRaMac-node/src/mac/region/RegionEU868.c.obj
                0x10009db4                RegionEU868RxParamSetupReq
 .text.RegionEU868TxParamSetupReq
                0x10009e00        0x6 CMakeFiles/easynode.dir/pico-lorawan/lib/LoRaMac-node/src/mac/region/RegionEU868.c.obj
                0x10009e00                RegionEU868TxParamSetupReq
 *fill*         0x10009e06        0x2 
 .text.RegionEU868DlChannelReq
                0x10009e08       0x50 CMakeFiles/easynode.dir/pico-lorawan/lib/LoRaMac-node/src/mac/region/RegionEU868.c.obj
                0x10009e08                RegionEU868DlChannelReq
 .text.RegionEU868AlternateDr
                0x10009e58        0x2 CMakeFiles/easynode.dir/pico-lorawan/lib/LoRaMac-node/src/mac/region/RegionEU868.c.obj
                0x10009e58                RegionEU868AlternateDr
 *fill*         0x10009e5a        0x2 
 .text.RegionEU868NextChannel
                0x10009e5c      0x120 CMakeFiles/easynode.dir/pico-lorawan/lib/LoRaMac-node/src/mac/region/RegionEU868.c.obj
                0x10009e5c                RegionEU868NextChannel
 .text.RegionEU868ChannelAdd
                0x10009f7c       0xd0 CMakeFiles/easynode.dir/pico-lorawan/lib/LoRaMac-node/src/mac/region/RegionEU868.c.obj
                0x10009f7c                RegionEU868ChannelAdd
 .text.RegionEU868ChannelsRemove
                0x1000a04c       0x34 CMakeFiles/easynode.dir/pico-lorawan/lib/LoRaMac-node/src/mac/region/RegionEU868.c.obj
                0x1000a04c                RegionEU868ChannelsRemove
 .text.RegionEU868ApplyCFList
                0x1000a080       0x7e CMakeFiles/easynode.dir/pico-lorawan/lib/LoRaMac-node/src/mac/region/RegionEU868.c.obj
                0x1000a080                RegionEU868ApplyCFList
 .text.RegionEU868NewChannelReq
                0x1000a0fe       0x56 CMakeFiles/easynode.dir/pico-lorawan/lib/LoRaMac-node/src/mac/region/RegionEU868.c.obj
                0x1000a0fe                RegionEU868NewChannelReq
 .text.RegionEU868ApplyDrOffset
                0x1000a154       0x10 CMakeFiles/easynode.dir/pico-lorawan/lib/LoRaMac-node/src/mac/region/RegionEU868.c.obj
                0x1000a154                RegionEU868ApplyDrOffset
 .text.VerifyRfFreq
                0x1000a164       0x2c CMakeFiles/easynode.dir/pico-lorawan/lib/LoRaMac-node/src/mac/region/RegionIN865.c.obj
 .text.GetTimeOnAir
                0x1000a190       0x6c CMakeFiles/easynode.dir/pico-lorawan/lib/LoRaMac-node/src/mac/region/RegionIN865.c.obj
 .text.RegionIN865GetPhyParam
                0x1000a1fc      0x150 CMakeFiles/easynode.dir/pico-lorawan/lib/LoRaMac-node/src/mac/region/RegionIN865.c.obj
                0x1000a1fc                RegionIN865GetPhyParam
 .text.RegionIN865SetBandTxDone
                0x1000a34c       0x3c CMakeFiles/easynode.dir/pico-lorawan/lib/LoRaMac-node/src/mac/region/RegionIN865.c.obj
                0x1000a34c                RegionIN865SetBandTxDone
 .text.RegionIN865InitDefaults
                0x1000a388       0xc0 CMakeFiles/easynode.dir/pico-lorawan/lib/LoRaMac-node/src/mac/region/RegionIN865.c.obj
                0x1000a388                RegionIN865InitDefaults
 .text.RegionIN865Verify
                0x1000a448       0x80 CMakeFiles/easynode.dir/pico-lorawan/lib/LoRaMac-node/src/mac/region/RegionIN865.c.obj
                0x1000a448                RegionIN865Verify
 .text.RegionIN865ChanMaskSet
                0x1000a4c8       0x48 CMakeFiles/easynode.dir/pico-lorawan/lib/LoRaMac-node/src/mac/region/RegionIN865.c.obj
                0x1000a4c8                RegionIN865ChanMaskSet
 .text.RegionIN865ComputeRxWindowParameters
                0x1000a510       0x70 CMakeFiles/easynode.dir/pico-lorawan/lib/LoRaMac-node/src/mac/region/RegionIN865.c.obj
                0x1000a510                RegionIN865ComputeRxWindowParameters
 .text.RegionIN865RxConfig
                0x1000a580       0xf8 CMakeFiles/easynode.dir/pico-lorawan/lib/LoRaMac-node/src/mac/region/RegionIN865.c.obj
                0x1000a580                RegionIN865RxConfig
 .text.RegionIN865TxConfig
                0x1000a678      0x120 CMakeFiles/easynode.dir/pico-lorawan/lib/LoRaMac-node/src/mac/region/RegionIN865.c.obj
                0x1000a678                RegionIN865TxConfig
 .text.RegionIN865LinkAdrReq
                0x1000a798      0x1a0 CMakeFiles/easynode.dir/pico-lorawan/lib/LoRaMac-node/src/mac/region/RegionIN865.c.obj
                0x1000a798                RegionIN865LinkAdrReq
 .text.RegionIN865RxParamSetupReq
                0x1000a938       0x48 CMakeFiles/easynode.dir/pico-lorawan/lib/LoRaMac-node/src/mac/region/RegionIN865.c.obj
                0x1000a938                RegionIN865RxParamSetupReq
 .text.RegionIN865TxParamSetupReq
                0x1000a980        0x6 CMakeFiles/easynode.dir/pico-lorawan/lib/LoRaMac-node/src/mac/region/RegionIN865.c.obj
                0x1000a980                RegionIN865TxParamSetupReq
 *fill*         0x1000a986        0x2 
 .text.RegionIN865DlChannelReq
                0x1000a988       0x44 CMakeFiles/easynode.dir/pico-lorawan/lib/LoRaMac-node/src/mac/region/RegionIN865.c.obj
                0x1000a988                RegionIN865DlChannelReq
 .text.RegionIN865AlternateDr
                0x1000a9cc        0x2 CMakeFiles/easynode.dir/pico-lorawan/lib/LoRaMac-node/src/mac/region/RegionIN865.c.obj
                0x1000a9cc                RegionIN865AlternateDr
 *fill*         0x1000a9ce        0x2 
 .text.RegionIN865NextChannel
                0x1000a9d0      0x120 CMakeFiles/easynode.dir/pico-lorawan/lib/LoRaMac-node/src/mac/region/RegionIN865.c.obj
                0x1000a9d0                RegionIN865NextChannel
 .text.RegionIN865ChannelAdd
                0x1000aaf0       0xc0 CMakeFiles/easynode.dir/pico-lorawan/lib/LoRaMac-node/src/mac/region/RegionIN865.c.obj
                0x1000aaf0                RegionIN865ChannelAdd
 .text.RegionIN865ChannelsRemove
                0x1000abb0       0x34 CMakeFiles/easynode.dir/pico-lorawan/lib/LoRaMac-node/src/mac/region/RegionIN865.c.obj
                0x1000abb0                RegionIN865ChannelsRemove
 .text.RegionIN865ApplyCFList
                0x1000abe4       0x7e CMakeFiles/easynode.dir/pico-lorawan/lib/LoRaMac-node/src/mac/region/RegionIN865.c.obj
                0x1000abe4                RegionIN865ApplyCFList
 .text.RegionIN865NewChannelReq
                0x1000ac62       0x56 CMakeFiles/easynode.dir/pico-lorawan/lib/LoRaMac-node/src/mac/region/RegionIN865.c.obj
                0x1000ac62                RegionIN865NewChannelReq
 .text.RegionIN865ApplyDrOffset
                0x1000acb8       0x20 CMakeFiles/easynode.dir/pico-lorawan/lib/LoRaMac-node/src/mac/region/RegionIN865.c.obj
                0x1000acb8                RegionIN865ApplyDrOffset
 .text.GetMaxEIRP
                0x1000acd8       0x14 CMakeFiles/easynode.dir/pico-lorawan/lib/LoRaMac-node/src/mac/region/RegionKR920.c.obj
 .text.VerifyRfFreq
                0x1000acec       0x3c CMakeFiles/easynode.dir/pico-lorawan/lib/LoRaMac-node/src/mac/region/RegionKR920.c.obj
 .text.GetTimeOnAir
                0x1000ad28       0x40 CMakeFiles/easynode.dir/pico-lorawan/lib/LoRaMac-node/src/mac/region/RegionKR920.c.obj
 .text.RegionKR920GetPhyParam
                0x1000ad68      0x14c CMakeFiles/easynode.dir/pico-lorawan/lib/LoRaMac-node/src/mac/region/RegionKR920.c.obj
                0x1000ad68                RegionKR920GetPhyParam
 .text.RegionKR920SetBandTxDone
                0x1000aeb4       0x3c CMakeFiles/easynode.dir/pico-lorawan/lib/LoRaMac-node/src/mac/region/RegionKR920.c.obj
                0x1000aeb4                RegionKR920SetBandTxDone
 .text.RegionKR920InitDefaults
                0x1000aef0       0xc0 CMakeFiles/easynode.dir/pico-lorawan/lib/LoRaMac-node/src/mac/region/RegionKR920.c.obj
                0x1000aef0                RegionKR920InitDefaults
 .text.RegionKR920Verify
                0x1000afb0       0x70 CMakeFiles/easynode.dir/pico-lorawan/lib/LoRaMac-node/src/mac/region/RegionKR920.c.obj
                0x1000afb0                RegionKR920Verify
 .text.RegionKR920ChanMaskSet
                0x1000b020       0x48 CMakeFiles/easynode.dir/pico-lorawan/lib/LoRaMac-node/src/mac/region/RegionKR920.c.obj
                0x1000b020                RegionKR920ChanMaskSet
 .text.RegionKR920ComputeRxWindowParameters
                0x1000b068       0x60 CMakeFiles/easynode.dir/pico-lorawan/lib/LoRaMac-node/src/mac/region/RegionKR920.c.obj
                0x1000b068                RegionKR920ComputeRxWindowParameters
 .text.RegionKR920RxConfig
                0x1000b0c8       0xac CMakeFiles/easynode.dir/pico-lorawan/lib/LoRaMac-node/src/mac/region/RegionKR920.c.obj
                0x1000b0c8                RegionKR920RxConfig
 .text.RegionKR920TxConfig
                0x1000b174      0x104 CMakeFiles/easynode.dir/pico-lorawan/lib/LoRaMac-node/src/mac/region/RegionKR920.c.obj
                0x1000b174                RegionKR920TxConfig
 .text.RegionKR920LinkAdrReq
                0x1000b278      0x190 CMakeFiles/easynode.dir/pico-lorawan/lib/LoRaMac-node/src/mac/region/RegionKR920.c.obj
                0x1000b278                RegionKR920LinkAdrReq
 .text.RegionKR920RxParamSetupReq
                0x1000b408       0x40 CMakeFiles/easynode.dir/pico-lorawan/lib/LoRaMac-node/src/mac/region/RegionKR920.c.obj
                0x1000b408                RegionKR920RxParamSetupReq
 .text.RegionKR920TxParamSetupReq
                0x1000b448        0x6 CMakeFiles/easynode.dir/pico-lorawan/lib/LoRaMac-node/src/mac/region/RegionKR920.c.obj
                0x1000b448                RegionKR920TxParamSetupReq
 *fill*         0x1000b44e        0x2 
 .text.RegionKR920DlChannelReq
                0x1000b450       0x44 CMakeFiles/easynode.dir/pico-lorawan/lib/LoRaMac-node/src/mac/region/RegionKR920.c.obj
                0x1000b450                RegionKR920DlChannelReq
 .text.RegionKR920AlternateDr
                0x1000b494        0x2 CMakeFiles/easynode.dir/pico-lorawan/lib/LoRaMac-node/src/mac/region/RegionKR920.c.obj
                0x1000b494                RegionKR920AlternateDr
 *fill*         0x1000b496        0x2 
 .text.RegionKR920NextChannel
                0x1000b498      0x16c CMakeFiles/easynode.dir/pico-lorawan/lib/LoRaMac-node/src/mac/region/RegionKR920.c.obj
                0x1000b498                RegionKR920NextChannel
 .text.RegionKR920ChannelAdd
                0x1000b604       0xc0 CMakeFiles/easynode.dir/pico-lorawan/lib/LoRaMac-node/src/mac/region/RegionKR920.c.obj
                0x1000b604                RegionKR920ChannelAdd
 .text.RegionKR920ChannelsRemove
                0x1000b6c4       0x34 CMakeFiles/easynode.dir/pico-lorawan/lib/LoRaMac-node/src/mac/region/RegionKR920.c.obj
                0x1000b6c4                RegionKR920ChannelsRemove
 .text.RegionKR920ApplyCFList
                0x1000b6f8       0x7e CMakeFiles/easynode.dir/pico-lorawan/lib/LoRaMac-node/src/mac/region/RegionKR920.c.obj
                0x1000b6f8                RegionKR920ApplyCFList
 .text.RegionKR920NewChannelReq
                0x1000b776       0x56 CMakeFiles/easynode.dir/pico-lorawan/lib/LoRaMac-node/src/mac/region/RegionKR920.c.obj
                0x1000b776                RegionKR920NewChannelReq
 .text.RegionKR920ApplyDrOffset
                0x1000b7cc       0x10 CMakeFiles/easynode.dir/pico-lorawan/lib/LoRaMac-node/src/mac/region/RegionKR920.c.obj
                0x1000b7cc                RegionKR920ApplyDrOffset
 .text.VerifyRfFreq
                0x1000b7dc       0x2c CMakeFiles/easynode.dir/pico-lorawan/lib/LoRaMac-node/src/mac/region/RegionRU864.c.obj
 .text.GetTimeOnAir
                0x1000b808       0x6c CMakeFiles/easynode.dir/pico-lorawan/lib/LoRaMac-node/src/mac/region/RegionRU864.c.obj
 .text.RegionRU864GetPhyParam
                0x1000b874      0x154 CMakeFiles/easynode.dir/pico-lorawan/lib/LoRaMac-node/src/mac/region/RegionRU864.c.obj
                0x1000b874                RegionRU864GetPhyParam
 .text.RegionRU864SetBandTxDone
                0x1000b9c8       0x3c CMakeFiles/easynode.dir/pico-lorawan/lib/LoRaMac-node/src/mac/region/RegionRU864.c.obj
                0x1000b9c8                RegionRU864SetBandTxDone
 .text.RegionRU864InitDefaults
                0x1000ba04       0xb0 CMakeFiles/easynode.dir/pico-lorawan/lib/LoRaMac-node/src/mac/region/RegionRU864.c.obj
                0x1000ba04                RegionRU864InitDefaults
 .text.RegionRU864Verify
                0x1000bab4       0x74 CMakeFiles/easynode.dir/pico-lorawan/lib/LoRaMac-node/src/mac/region/RegionRU864.c.obj
                0x1000bab4                RegionRU864Verify
 .text.RegionRU864ChanMaskSet
                0x1000bb28       0x48 CMakeFiles/easynode.dir/pico-lorawan/lib/LoRaMac-node/src/mac/region/RegionRU864.c.obj
                0x1000bb28                RegionRU864ChanMaskSet
 .text.RegionRU864ComputeRxWindowParameters
                0x1000bb70       0x70 CMakeFiles/easynode.dir/pico-lorawan/lib/LoRaMac-node/src/mac/region/RegionRU864.c.obj
                0x1000bb70                RegionRU864ComputeRxWindowParameters
 .text.RegionRU864RxConfig
                0x1000bbe0       0xf8 CMakeFiles/easynode.dir/pico-lorawan/lib/LoRaMac-node/src/mac/region/RegionRU864.c.obj
                0x1000bbe0                RegionRU864RxConfig
 .text.RegionRU864TxConfig
                0x1000bcd8      0x120 CMakeFiles/easynode.dir/pico-lorawan/lib/LoRaMac-node/src/mac/region/RegionRU864.c.obj
                0x1000bcd8                RegionRU864TxConfig
 .text.RegionRU864LinkAdrReq
                0x1000bdf8      0x198 CMakeFiles/easynode.dir/pico-lorawan/lib/LoRaMac-node/src/mac/region/RegionRU864.c.obj
                0x1000bdf8                RegionRU864LinkAdrReq
 .text.RegionRU864RxParamSetupReq
                0x1000bf90       0x40 CMakeFiles/easynode.dir/pico-lorawan/lib/LoRaMac-node/src/mac/region/RegionRU864.c.obj
                0x1000bf90                RegionRU864RxParamSetupReq
 .text.RegionRU864TxParamSetupReq
                0x1000bfd0        0x6 CMakeFiles/easynode.dir/pico-lorawan/lib/LoRaMac-node/src/mac/region/RegionRU864.c.obj
                0x1000bfd0                RegionRU864TxParamSetupReq
 *fill*         0x1000bfd6        0x2 
 .text.RegionRU864DlChannelReq
                0x1000bfd8       0x44 CMakeFiles/easynode.dir/pico-lorawan/lib/LoRaMac-node/src/mac/region/RegionRU864.c.obj
                0x1000bfd8                RegionRU864DlChannelReq
 .text.RegionRU864AlternateDr
                0x1000c01c        0x2 CMakeFiles/easynode.dir/pico-lorawan/lib/LoRaMac-node/src/mac/region/RegionRU864.c.obj
                0x1000c01c                RegionRU864AlternateDr
 *fill*         0x1000c01e        0x2 
 .text.RegionRU864NextChannel
                0x1000c020      0x114 CMakeFiles/easynode.dir/pico-lorawan/lib/LoRaMac-node/src/mac/region/RegionRU864.c.obj
                0x1000c020                RegionRU864NextChannel
 .text.RegionRU864ChannelAdd
                0x1000c134       0xc0 CMakeFiles/easynode.dir/pico-lorawan/lib/LoRaMac-node/src/mac/region/RegionRU864.c.obj
                0x1000c134                RegionRU864ChannelAdd
 .text.RegionRU864ChannelsRemove
                0x1000c1f4       0x34 CMakeFiles/easynode.dir/pico-lorawan/lib/LoRaMac-node/src/mac/region/RegionRU864.c.obj
                0x1000c1f4                RegionRU864ChannelsRemove
 .text.RegionRU864ApplyCFList
                0x1000c228       0x7e CMakeFiles/easynode.dir/pico-lorawan/lib/LoRaMac-node/src/mac/region/RegionRU864.c.obj
                0x1000c228                RegionRU864ApplyCFList
 .text.RegionRU864NewChannelReq
                0x1000c2a6       0x56 CMakeFiles/easynode.dir/pico-lorawan/lib/LoRaMac-node/src/mac/region/RegionRU864.c.obj
                0x1000c2a6                RegionRU864NewChannelReq
 .text.RegionRU864ApplyDrOffset
                0x1000c2fc       0x10 CMakeFiles/easynode.dir/pico-lorawan/lib/LoRaMac-node/src/mac/region/RegionRU864.c.obj
                0x1000c2fc                RegionRU864ApplyDrOffset
 .text.VerifyRfFreq
                0x1000c30c       0x54 CMakeFiles/easynode.dir/pico-lorawan/lib/LoRaMac-node/src/mac/region/RegionUS915.c.obj
 .text.GetTimeOnAir
                0x1000c360       0x40 CMakeFiles/easynode.dir/pico-lorawan/lib/LoRaMac-node/src/mac/region/RegionUS915.c.obj
 .text.LimitTxPower
                0x1000c3a0       0x3c CMakeFiles/easynode.dir/pico-lorawan/lib/LoRaMac-node/src/mac/region/RegionUS915.c.obj
 .text.RegionUS915GetPhyParam
                0x1000c3dc      0x174 CMakeFiles/easynode.dir/pico-lorawan/lib/LoRaMac-node/src/mac/region/RegionUS915.c.obj
                0x1000c3dc                RegionUS915GetPhyParam
 .text.RegionUS915SetBandTxDone
                0x1000c550       0x3c CMakeFiles/easynode.dir/pico-lorawan/lib/LoRaMac-node/src/mac/region/RegionUS915.c.obj
                0x1000c550                RegionUS915SetBandTxDone
 .text.RegionUS915InitDefaults
                0x1000c58c      0x168 CMakeFiles/easynode.dir/pico-lorawan/lib/LoRaMac-node/src/mac/region/RegionUS915.c.obj
                0x1000c58c                RegionUS915InitDefaults
 .text.RegionUS915Verify
                0x1000c6f4       0x70 CMakeFiles/easynode.dir/pico-lorawan/lib/LoRaMac-node/src/mac/region/RegionUS915.c.obj
                0x1000c6f4                RegionUS915Verify
 .text.RegionUS915ApplyCFList
                0x1000c764       0x78 CMakeFiles/easynode.dir/pico-lorawan/lib/LoRaMac-node/src/mac/region/RegionUS915.c.obj
                0x1000c764                RegionUS915ApplyCFList
 .text.RegionUS915ChanMaskSet
                0x1000c7dc       0x9c CMakeFiles/easynode.dir/pico-lorawan/lib/LoRaMac-node/src/mac/region/RegionUS915.c.obj
                0x1000c7dc                RegionUS915ChanMaskSet
 .text.RegionUS915ComputeRxWindowParameters
                0x1000c878       0x60 CMakeFiles/easynode.dir/pico-lorawan/lib/LoRaMac-node/src/mac/region/RegionUS915.c.obj
                0x1000c878                RegionUS915ComputeRxWindowParameters
 .text.RegionUS915RxConfig
                0x1000c8d8       0xa0 CMakeFiles/easynode.dir/pico-lorawan/lib/LoRaMac-node/src/mac/region/RegionUS915.c.obj
                0x1000c8d8                RegionUS915RxConfig
 .text.RegionUS915TxConfig
                0x1000c978       0xec CMakeFiles/easynode.dir/pico-lorawan/lib/LoRaMac-node/src/mac/region/RegionUS915.c.obj
                0x1000c978                RegionUS915TxConfig
 .text.RegionUS915LinkAdrReq
                0x1000ca64      0x288 CMakeFiles/easynode.dir/pico-lorawan/lib/LoRaMac-node/src/mac/region/RegionUS915.c.obj
                0x1000ca64                RegionUS915LinkAdrReq
 .text.RegionUS915RxParamSetupReq
                0x1000ccec       0x5c CMakeFiles/easynode.dir/pico-lorawan/lib/LoRaMac-node/src/mac/region/RegionUS915.c.obj
                0x1000ccec                RegionUS915RxParamSetupReq
 .text.RegionUS915NewChannelReq
                0x1000cd48        0x6 CMakeFiles/easynode.dir/pico-lorawan/lib/LoRaMac-node/src/mac/region/RegionUS915.c.obj
                0x1000cd48                RegionUS915NewChannelReq
 .text.RegionUS915TxParamSetupReq
                0x1000cd4e        0x6 CMakeFiles/easynode.dir/pico-lorawan/lib/LoRaMac-node/src/mac/region/RegionUS915.c.obj
                0x1000cd4e                RegionUS915TxParamSetupReq
 .text.RegionUS915DlChannelReq
                0x1000cd54        0x6 CMakeFiles/easynode.dir/pico-lorawan/lib/LoRaMac-node/src/mac/region/RegionUS915.c.obj
                0x1000cd54                RegionUS915DlChannelReq
 *fill*         0x1000cd5a        0x2 